Component: ARM Compiler 5.06 update 7 (build 960) Tool: armlink [4d3601]

==============================================================================

Section Cross References

    startup_stm32g431xx.o(STACK) refers (Special) to heapauxi.o(.text) for __use_two_region_memory
    startup_stm32g431xx.o(HEAP) refers (Special) to heapauxi.o(.text) for __use_two_region_memory
    startup_stm32g431xx.o(RESET) refers (Special) to heapauxi.o(.text) for __use_two_region_memory
    startup_stm32g431xx.o(RESET) refers to startup_stm32g431xx.o(STACK) for __initial_sp
    startup_stm32g431xx.o(RESET) refers to startup_stm32g431xx.o(.text) for Reset_Handler
    startup_stm32g431xx.o(RESET) refers to stm32g4xx_it.o(i.NMI_Handler) for NMI_Handler
    startup_stm32g431xx.o(RESET) refers to stm32g4xx_it.o(i.HardFault_Handler) for HardFault_Handler
    startup_stm32g431xx.o(RESET) refers to stm32g4xx_it.o(i.MemManage_Handler) for MemManage_Handler
    startup_stm32g431xx.o(RESET) refers to stm32g4xx_it.o(i.BusFault_Handler) for BusFault_Handler
    startup_stm32g431xx.o(RESET) refers to stm32g4xx_it.o(i.UsageFault_Handler) for UsageFault_Handler
    startup_stm32g431xx.o(RESET) refers to stm32g4xx_it.o(i.SVC_Handler) for SVC_Handler
    startup_stm32g431xx.o(RESET) refers to stm32g4xx_it.o(i.DebugMon_Handler) for DebugMon_Handler
    startup_stm32g431xx.o(RESET) refers to stm32g4xx_it.o(i.PendSV_Handler) for PendSV_Handler
    startup_stm32g431xx.o(RESET) refers to stm32g4xx_it.o(i.SysTick_Handler) for SysTick_Handler
    startup_stm32g431xx.o(RESET) refers to stm32g4xx_it.o(i.ADC1_2_IRQHandler) for ADC1_2_IRQHandler
    startup_stm32g431xx.o(RESET) refers to stm32g4xx_it.o(i.TIM1_BRK_TIM15_IRQHandler) for TIM1_BRK_TIM15_IRQHandler
    startup_stm32g431xx.o(RESET) refers to stm32g4xx_it.o(i.TIM1_UP_TIM16_IRQHandler) for TIM1_UP_TIM16_IRQHandler
    startup_stm32g431xx.o(RESET) refers to stm32g4xx_it.o(i.TIM4_IRQHandler) for TIM4_IRQHandler
    startup_stm32g431xx.o(RESET) refers to stm32g4xx_it.o(i.TIM6_DAC_IRQHandler) for TIM6_DAC_IRQHandler
    startup_stm32g431xx.o(.text) refers (Special) to heapauxi.o(.text) for __use_two_region_memory
    startup_stm32g431xx.o(.text) refers to system_stm32g4xx.o(i.SystemInit) for SystemInit
    startup_stm32g431xx.o(.text) refers to __main.o(!!!main) for __main
    startup_stm32g431xx.o(.text) refers to startup_stm32g431xx.o(HEAP) for Heap_Mem
    startup_stm32g431xx.o(.text) refers to startup_stm32g431xx.o(STACK) for Stack_Mem
    foc.o(i.HAL_TIM_IC_CaptureCallback) refers to stm32g4xx_hal_tim.o(i.HAL_TIM_ReadCapturedValue) for HAL_TIM_ReadCapturedValue
    foc.o(i.HAL_TIM_IC_CaptureCallback) refers to stm32g4xx_hal_gpio.o(i.HAL_GPIO_ReadPin) for HAL_GPIO_ReadPin
    foc.o(i.HAL_TIM_IC_CaptureCallback) refers to tim.o(.bss) for htim4
    foc.o(i.HAL_TIM_IC_CaptureCallback) refers to current_detect.o(.data) for HallTemp
    foc.o(i.HAL_TIM_IC_CaptureCallback) refers to current_detect.o(.data) for HallThetaAdd
    foc.o(i.HAL_TIM_IC_CaptureCallback) refers to current_detect.o(.data) for HallSpeed
    foc.o(i.HAL_TIM_IC_CaptureCallback) refers to foc.o(.data) for .data
    foc.o(i.SVPWM_ZeroSequence) refers to sqrtf.o(i.__hardfp_sqrtf) for __hardfp_sqrtf
    foc.o(i.SVPWM_ZeroSequence) refers to fmaxf.o(i.__hardfp_fmaxf) for __hardfp_fmaxf
    foc.o(i.SVPWM_ZeroSequence) refers to fminf.o(i.__hardfp_fminf) for __hardfp_fminf
    foc.o(i.SVPWM_ZeroSequence) refers to rt_memcpy_w.o(.text) for __aeabi_memcpy4
    foc.o(i.anipark) refers to f2d.o(x$fpl$f2d) for __aeabi_f2d
    foc.o(i.anipark) refers to sin.o(i.__hardfp_sin) for __hardfp_sin
    foc.o(i.anipark) refers to dmul.o(x$fpl$dmul) for __aeabi_dmul
    foc.o(i.anipark) refers to d2f.o(x$fpl$d2f) for __aeabi_d2f
    foc.o(i.anipark) refers to cos.o(i.__hardfp_cos) for __hardfp_cos
    foc.o(i.anipark) refers to current_detect.o(.data) for HallTheta
    foc.o(i.clark_park) refers to f2d.o(x$fpl$f2d) for __aeabi_f2d
    foc.o(i.clark_park) refers to sqrt.o(i.__hardfp_sqrt) for __hardfp_sqrt
    foc.o(i.clark_park) refers to ddiv.o(x$fpl$ddiv) for __aeabi_ddiv
    foc.o(i.clark_park) refers to dmul.o(x$fpl$dmul) for __aeabi_dmul
    foc.o(i.clark_park) refers to d2f.o(x$fpl$d2f) for __aeabi_d2f
    foc.o(i.clark_park) refers to sin.o(i.__hardfp_sin) for __hardfp_sin
    foc.o(i.clark_park) refers to cos.o(i.__hardfp_cos) for __hardfp_cos
    foc.o(i.clark_park) refers to daddsub_clz.o(x$fpl$dadd) for __aeabi_dadd
    foc.o(i.clark_park) refers to current_detect.o(.data) for HallTheta
    foc.o(i.current_loop) refers to foc.o(i.clark_park) for clark_park
    foc.o(i.send_vofa) refers to stm32g4xx_hal_uart.o(i.HAL_UART_Transmit) for HAL_UART_Transmit
    foc.o(i.send_vofa) refers to foc.o(.data) for .data
    foc.o(i.send_vofa) refers to current_detect.o(.data) for uq_target
    foc.o(i.send_vofa) refers to current_detect.o(.bss) for pid
    foc.o(i.send_vofa) refers to usart.o(.bss) for huart3
[...]
    i.PendSV_Handler                         0x08003da8   Section        0  stm32g4xx_it.o(i.PendSV_Handler)
    i.SVC_Handler                            0x08003daa   Section        0  stm32g4xx_it.o(i.SVC_Handler)
    i.SVPWM_ZeroSequence                     0x08003dac   Section        0  foc.o(i.SVPWM_ZeroSequence)
    i.SetPWM                                 0x08003e5c   Section        0  foc.o(i.SetPWM)
    i.SysTick_Handler                        0x08003ecc   Section        0  stm32g4xx_it.o(i.SysTick_Handler)
    i.SystemClock_Config                     0x08003ed0   Section        0  main.o(i.SystemClock_Config)
    i.SystemInit                             0x08003f34   Section        0  system_stm32g4xx.o(i.SystemInit)
    i.TIM1_BRK_TIM15_IRQHandler              0x08003f44   Section        0  stm32g4xx_it.o(i.TIM1_BRK_TIM15_IRQHandler)
    i.TIM1_UP_TIM16_IRQHandler               0x08003f50   Section        0  stm32g4xx_it.o(i.TIM1_UP_TIM16_IRQHandler)
    i.TIM4_IRQHandler                        0x08003f5c   Section        0  stm32g4xx_it.o(i.TIM4_IRQHandler)
    i.TIM6_DAC_IRQHandler                    0x08003f68   Section        0  stm32g4xx_it.o(i.TIM6_DAC_IRQHandler)
    i.TIM_Base_SetConfig                     0x08003f74   Section        0  stm32g4xx_hal_tim.o(i.TIM_Base_SetConfig)
    i.TIM_CCxChannelCmd                      0x08004030   Section        0  stm32g4xx_hal_tim.o(i.TIM_CCxChannelCmd)
    i.TIM_CCxNChannelCmd                     0x0800404a   Section        0  stm32g4xx_hal_tim_ex.o(i.TIM_CCxNChannelCmd)
    TIM_CCxNChannelCmd                       0x0800404b   Thumb Code    26  stm32g4xx_hal_tim_ex.o(i.TIM_CCxNChannelCmd)
    i.TIM_OC1_SetConfig                      0x08004064   Section        0  stm32g4xx_hal_tim.o(i.TIM_OC1_SetConfig)
    TIM_OC1_SetConfig                        0x08004065   Thumb Code   132  stm32g4xx_hal_tim.o(i.TIM_OC1_SetConfig)
    i.TIM_OC2_SetConfig                      0x08004100   Section        0  stm32g4xx_hal_tim.o(i.TIM_OC2_SetConfig)
    i.TIM_OC3_SetConfig                      0x08004190   Section        0  stm32g4xx_hal_tim.o(i.TIM_OC3_SetConfig)
    TIM_OC3_SetConfig                        0x08004191   Thumb Code   118  stm32g4xx_hal_tim.o(i.TIM_OC3_SetConfig)
    i.TIM_OC4_SetConfig                      0x08004220   Section        0  stm32g4xx_hal_tim.o(i.TIM_OC4_SetConfig)
    TIM_OC4_SetConfig                        0x08004221   Thumb Code   120  stm32g4xx_hal_tim.o(i.TIM_OC4_SetConfig)
    i.TIM_OC5_SetConfig                      0x080042b0   Section        0  stm32g4xx_hal_tim.o(i.TIM_OC5_SetConfig)
    TIM_OC5_SetConfig                        0x080042b1   Thumb Code    86  stm32g4xx_hal_tim.o(i.TIM_OC5_SetConfig)
    i.TIM_OC6_SetConfig                      0x08004320   Section        0  stm32g4xx_hal_tim.o(i.TIM_OC6_SetConfig)
    TIM_OC6_SetConfig                        0x08004321   Thumb Code    88  stm32g4xx_hal_tim.o(i.TIM_OC6_SetConfig)
    i.TIM_TI1_SetConfig                      0x08004390   Section        0  stm32g4xx_hal_tim.o(i.TIM_TI1_SetConfig)
    i.UARTEx_SetNbDataToProcess              0x080043fc   Section        0  stm32g4xx_hal_uart_ex.o(i.UARTEx_SetNbDataToProcess)
    UARTEx_SetNbDataToProcess                0x080043fd   Thumb Code    62  stm32g4xx_hal_uart_ex.o(i.UARTEx_SetNbDataToProcess)
    i.UART_AdvFeatureConfig                  0x08004440   Section        0  stm32g4xx_hal_uart.o(i.UART_AdvFeatureConfig)
    i.UART_CheckIdleState                    0x08004508   Section        0  stm32g4xx_hal_uart.o(i.UART_CheckIdleState)
    i.UART_EndRxTransfer                     0x080045b4   Section        0  stm32g4xx_hal_uart.o(i.UART_EndRxTransfer)
    UART_EndRxTransfer                       0x080045b5   Thumb Code    78  stm32g4xx_hal_uart.o(i.UART_EndRxTransfer)
    i.UART_SetConfig                         0x08004608   Section        0  stm32g4xx_hal_uart.o(i.UART_SetConfig)
    i.UART_WaitOnFlagUntilTimeout            0x0800487c   Section        0  stm32g4xx_hal_uart.o(i.UART_WaitOnFlagUntilTimeout)
    i.UsageFault_Handler                     0x08004910   Section        0  stm32g4xx_it.o(i.UsageFault_Handler)
    i.__ARM_fpclassify                       0x08004912   Section        0  fpclassify.o(i.__ARM_fpclassify)
    i.__NVIC_SetPriority                     0x08004942   Section        0  stm32g4xx_hal_cortex.o(i.__NVIC_SetPriority)
    __NVIC_SetPriority                       0x08004943   Thumb Code    32  stm32g4xx_hal_cortex.o(i.__NVIC_SetPriority)
    i.__hardfp_cos                           0x08004968   Section        0  cos.o(i.__hardfp_cos)
    i.__hardfp_fmaxf                         0x08004a30   Section        0  fmaxf.o(i.__hardfp_fmaxf)
    i.__hardfp_fminf                         0x08004a78   Section        0  fminf.o(i.__hardfp_fminf)
    i.__hardfp_sin                           0x08004ac0   Section        0  sin.o(i.__hardfp_sin)
    i.__hardfp_sqrt                          0x08004b88   Section        0  sqrt.o(i.__hardfp_sqrt)
    i.__hardfp_sqrtf                         0x08004c02   Section        0  sqrtf.o(i.__hardfp_sqrtf)
    i.__ieee754_rem_pio2                     0x08004c40   Section        0  rred.o(i.__ieee754_rem_pio2)
    i.__kernel_cos                           0x08005078   Section        0  cos_i.o(i.__kernel_cos)
    i.__kernel_poly                          0x080051e8   Section        0  poly.o(i.__kernel_poly)
    i.__kernel_sin                           0x080052e0   Section        0  sin_i.o(i.__kernel_sin)
    i.__mathlib_dbl_infnan                   0x08005410   Section        0  dunder.o(i.__mathlib_dbl_infnan)
    i.__mathlib_dbl_invalid                  0x08005428   Section        0  dunder.o(i.__mathlib_dbl_invalid)
    i.__mathlib_dbl_underflow                0x08005448   Section        0  dunder.o(i.__mathlib_dbl_underflow)
    i.anipark                                0x08005468   Section        0  foc.o(i.anipark)
    i.clark_park                             0x080054e4   Section        0  foc.o(i.clark_park)
    i.current_loop                           0x080055cc   Section        0  foc.o(i.current_loop)
    i.fabs                                   0x08005664   Section        0  fabs.o(i.fabs)
    i.main                                   0x0800567c   Section        0  main.o(i.main)
    i.send_vofa                              0x08005774   Section        0  foc.o(i.send_vofa)
    x$fpl$basic                              0x08005868   Section       24  basic.o(x$fpl$basic)
    $v0                                      0x08005868   Number         0  basic.o(x$fpl$basic)
    x$fpl$d2f                                0x08005880   Section       98  d2f.o(x$fpl$d2f)
    $v0                                      0x08005880   Number         0  d2f.o(x$fpl$d2f)
    x$fpl$dadd                               0x080058e4   Section      336  daddsub_clz.o(x$fpl$dadd)
    $v0                                      0x080058e4   Number         0  daddsub_clz.o(x$fpl$dadd)
    _dadd1                                   0x080058f5   Thumb Code     0  daddsub_clz.o(x$fpl$dadd)
    x$fpl$ddiv                               0x08005a34   Section      688  ddiv.o(x$fpl$ddiv)
    $v0                                      0x08005a34   Number         0  ddiv.o(x$fpl$ddiv)
    ddiv_entry                               0x08005a3b   Thumb Code     0  ddiv.o(x$fpl$ddiv)
    x$fpl$dfix                               0x08005ce4   Section       94  dfix.o(x$fpl$dfix)
    $v0                                      0x08005ce4   Number         0  dfix.o(x$fpl$dfix)
    x$fpl$dflt                               0x08005d42   Section       46  dflt_clz.o(x$fpl$dflt)
    $v0                                      0x08005d42   Number         0  dflt_clz.o(x$fpl$dflt)
    x$fpl$dfltu                              0x08005d70   Section       38  dflt_clz.o(x$fpl$dfltu)
    $v0                                      0x08005d70   Number         0  dflt_clz.o(x$fpl$dfltu)
    x$fpl$dmul                               0x08005d98   Section      340  dmul.o(x$fpl$dmul)
    $v0                                      0x08005d98   Number         0  dmul.o(x$fpl$dmul)
    x$fpl$dnaninf                            0x08005eec   Section      156  dnaninf.o(x$fpl$dnaninf)
    $v0                                      0x08005eec   Number         0  dnaninf.o(x$fpl$dnaninf)
    x$fpl$dretinf                            0x08005f88   Section       12  dretinf.o(x$fpl$dretinf)
    $v0                                      0x08005f88   Number         0  dretinf.o(x$fpl$dretinf)
    x$fpl$drsb                               0x08005f94   Section       22  daddsub_clz.o(x$fpl$drsb)
    $v0                                      0x08005f94   Number         0  daddsub_clz.o(x$fpl$drsb)
    x$fpl$dsqrt                              0x08005fac   Section      408  dsqrt_umaal.o(x$fpl$dsqrt)
    $v0                                      0x08005fac   Number         0  dsqrt_umaal.o(x$fpl$dsqrt)
    x$fpl$dsub                               0x08006144   Section      468  daddsub_clz.o(x$fpl$dsub)
    $v0                                      0x08006144   Number         0  daddsub_clz.o(x$fpl$dsub)
    _dsub1                                   0x08006155   Thumb Code     0  daddsub_clz.o(x$fpl$dsub)
    x$fpl$f2d                                0x08006318   Section       86  f2d.o(x$fpl$f2d)
    $v0                                      0x08006318   Number         0  f2d.o(x$fpl$f2d)
    x$fpl$fcmp4                              0x08006370   Section       82  fcmp4.o(x$fpl$fcmp4)
    $v0                                      0x08006370   Number         0  fcmp4.o(x$fpl$fcmp4)
    x$fpl$fcmpinf                            0x080063c2   Section       24  fcmpi.o(x$fpl$fcmpinf)
    $v0                                      0x080063c2   Number         0  fcmpi.o(x$fpl$fcmpinf)
    x$fpl$fnaninf                            0x080063da   Section      140  fnaninf.o(x$fpl$fnaninf)
    $v0                                      0x080063da   Number         0  fnaninf.o(x$fpl$fnaninf)
    x$fpl$fpinit                             0x08006466   Section       10  fpinit.o(x$fpl$fpinit)
    $v0                                      0x08006466   Number         0  fpinit.o(x$fpl$fpinit)
    x$fpl$fretinf                            0x08006470   Section       10  fretinf.o(x$fpl$fretinf)
    $v0                                      0x08006470   Number         0  fretinf.o(x$fpl$fretinf)
    .constdata                               0x0800647a   Section       24  stm32g4xx_hal_uart.o(.constdata)
    x$fpl$usenofp                            0x0800647a   Section        0  usenofp.o(x$fpl$usenofp)
    .constdata                               0x08006492   Section       16  stm32g4xx_hal_uart_ex.o(.constdata)
    numerator                                0x08006492   Data           8  stm32g4xx_hal_uart_ex.o(.constdata)
    denominator                              0x0800649a   Data           8  stm32g4xx_hal_uart_ex.o(.constdata)
    .constdata                               0x080064a2   Section       16  system_stm32g4xx.o(.constdata)
    .constdata                               0x080064b2   Section        8  system_stm32g4xx.o(.constdata)
    .constdata                               0x080064c0   Section       48  cos_i.o(.constdata)
    C                                        0x080064c0   Data          48  cos_i.o(.constdata)
    .constdata                               0x080064f0   Section      200  rred.o(.constdata)
    pio2s                                    0x080064f0   Data          48  rred.o(.constdata)
    twooverpi                                0x08006520   Data         152  rred.o(.constdata)
    .constdata                               0x080065b8   Section       40  sin_i.o(.constdata)
    S                                        0x080065b8   Data          40  sin_i.o(.constdata)
    .data                                    0x20000000   Section       28  foc.o(.data)
    .data                                    0x2000001c   Section       36  current_detect.o(.data)
    .data                                    0x20000040   Section        4  current_detect.o(.data)
    .data                                    0x20000044   Section        4  current_detect.o(.data)
    .data                                    0x20000048   Section        4  adc.o(.data)
    HAL_RCC_ADC12_CLK_ENABLED                0x20000048   Data           4  adc.o(.data)
    .data                                    0x2000004c   Section       12  stm32g4xx_hal.o(.data)
    .data                                    0x20000058   Section        4  system_stm32g4xx.o(.data)
    .bss                                     0x2000005c   Section      184  current_detect.o(.bss)
    .bss                                     0x20000114   Section      216  adc.o(.bss)
    .bss                                     0x200001ec   Section      180  opamp.o(.bss)
    .bss                                     0x200002a0   Section      228  tim.o(.bss)
    .bss                                     0x20000384   Section      148  usart.o(.bss)
    .bss                                     0x20000418   Section       96  libspace.o(.bss)
    HEAP                                     0x20000478   Section      512  startup_stm32g431xx.o(HEAP)
    Heap_Mem                                 0x20000478   Data         512  startup_stm32g431xx.o(HEAP)
    STACK                                    0x20000678   Section     1024  startup_stm32g431xx.o(STACK)
    Stack_Mem                                0x20000678   Data        1024  startup_stm32g431xx.o(STACK)
    __initial_sp                             0x20000a78   Data           0  startup_stm32g431xx.o(STACK)

    Global Symbols

    Symbol Name                              Value     Ov Type        Size  Object(Section)

    BuildAttributes$$THM_ISAv4$E$P$D$K$B$S$7EM$VFPi3$EXTD16$VFPS$VFMA$PE$A:L22UL41UL21$X:L11$S22US41US21$IEEE1$IW$USESV6$~STKCKD$USESV7$~SHL$OTIME$ROPI$IEEEX$EBA8$UX$STANDARDLIB$REQ8$PRES8$EABIv2 0x00000000   Number         0  anon$$obj.o ABSOLUTE
    __ARM_use_no_argv                        0x00000000   Number         0  main.o ABSOLUTE
    __ARM_exceptions_init                     - Undefined Weak Reference
    __alloca_initialize                       - Undefined Weak Reference
    __arm_fini_                               - Undefined Weak Reference
    __arm_preinit_                            - Undefined Weak Reference
    __cpp_initialize__aeabi_                  - Undefined Weak Reference
    __cxa_finalize                            - Undefined Weak Reference
    __rt_locale                               - Undefined Weak Reference
    __sigvec_lookup                           - Undefined Weak Reference
    _atexit_init                              - Undefined Weak Reference
    _call_atexit_fns                          - Undefined Weak Reference
    _clock_init                               - Undefined Weak Reference
    _fp_trap_init                             - Undefined Weak Reference
    _fp_trap_shutdown                         - Undefined Weak Reference
    _get_lc_collate                           - Undefined Weak Reference
    _get_lc_ctype                             - Undefined Weak Reference
    _get_lc_monetary                          - Undefined Weak Reference
    _get_lc_numeric                           - Undefined Weak Reference
    _get_lc_time                              - Undefined Weak Reference
    _getenv_init                              - Undefined Weak Reference
    _handle_redirection                       - Undefined Weak Reference
    _init_alloc                               - Undefined Weak Reference
    _init_user_alloc                          - Undefined Weak Reference
    _initio                                   - Undefined Weak Reference
    _rand_init                                - Undefined Weak Reference
    _signal_finish                            - Undefined Weak Reference
    _signal_init                              - Undefined Weak Reference
    _terminate_alloc                          - Undefined Weak Reference
    _terminate_user_alloc                     - Undefined Weak Reference
    _terminateio                              - Undefined Weak Reference
    __Vectors_Size                           0x000001d8   Number         0  startup_stm32g431xx.o ABSOLUTE
    __Vectors                                0x08000000   Data           4  startup_stm32g431xx.o(RESET)
    __Vectors_End                            0x080001d8   Data           0  startup_stm32g431xx.o(RESET)
    __main                                   0x080001d9   Thumb Code     8  __main.o(!!!main)
    __scatterload                            0x080001e1   Thumb Code     0  __scatter.o(!!!scatter)
    __scatterload_rt2                        0x080001e1   Thumb Code    44  __scatter.o(!!!scatter)
    __scatterload_rt2_thumb_only             0x080001e1   Thumb Code     0  __scatter.o(!!!scatter)
    __scatterload_null                       0x080001ef   Thumb Code     0  __scatter.o(!!!scatter)
    __scatterload_copy                       0x08000215   Thumb Code    26  __scatter_copy.o(!!handler_copy)
    __scatterload_zeroinit                   0x08000231   Thumb Code    28  __scatter_zi.o(!!handler_zi)
    __rt_lib_init                            0x0800024d   Thumb Code     0  libinit.o(.ARM.Collect$$libinit$$00000000)
    __rt_lib_init_fp_1                       0x0800024f   Thumb Code     0  libinit2.o(.ARM.Collect$$libinit$$00000001)
    __rt_lib_init_alloca_1                   0x08000253   Thumb Code     0  libinit2.o(.ARM.Collect$$libinit$$0000002E)
    __rt_lib_init_argv_1                     0x08000253   Thumb Code     0  libinit2.o(.ARM.Collect$$libinit$$0000002C)
    __rt_lib_init_atexit_1                   0x08000253   Thumb Code     0  libinit2.o(.ARM.Collect$$libinit$$0000001B)
    __rt_lib_init_clock_1                    0x08000253   Thumb Code     0  libinit2.o(.ARM.Collect$$libinit$$00000021)
    __rt_lib_init_cpp_1                      0x08000253   Thumb Code     0  libinit2.o(.ARM.Collect$$libinit$$00000032)
    __rt_lib_init_exceptions_1               0x08000253   Thumb Code     0  libinit2.o(.ARM.Collect$$libinit$$00000030)
    __rt_lib_init_fp_trap_1                  0x08000253   Thumb Code     0  libinit2.o(.ARM.Collect$$libinit$$0000001F)
    __rt_lib_init_getenv_1                   0x08000253   Thumb Code     0  libinit2.o(.ARM.Collect$$libinit$$00000023)
    __rt_lib_init_heap_1                     0x08000253   Thumb Code     0  libinit2.o(.ARM.Collect$$libinit$$0000000A)
    __rt_lib_init_lc_collate_1               0x08000253   Thumb Code     0  libinit2.o(.ARM.Collect$$libinit$$00000011)
    __rt_lib_init_lc_ctype_1                 0x08000253   Thumb Code     0  libinit2.o(.ARM.Collect$$libinit$$00000013)
    __rt_lib_init_lc_monetary_1              0x08000253   Thumb Code     0  libinit2.o(.ARM.Collect$$libinit$$00000015)
    __rt_lib_init_lc_numeric_1               0x08000253   Thumb Code     0  libinit2.o(.ARM.Collect$$libinit$$00000017)
    __rt_lib_init_lc_time_1                  0x08000253   Thumb Code     0  libinit2.o(.ARM.Collect$$libinit$$00000019)
    __rt_lib_init_preinit_1                  0x08000253   Thumb Code     0  libinit2.o(.ARM.Collect$$libinit$$00000004)
    __rt_lib_init_rand_1                     0x08000253   Thumb Code     0  libinit2.o(.ARM.Collect$$libinit$$0000000E)
    __rt_lib_init_return                     0x08000253   Thumb Code     0  libinit2.o(.ARM.Collect$$libinit$$00000033)
    __rt_lib_init_signal_1                   0x08000253   Thumb Code     0  libinit2.o(.ARM.Collect$$libinit$$0000001D)
    __rt_lib_init_stdio_1                    0x08000253   Thumb Code     0  libinit2.o(.ARM.Collect$$libinit$$00000025)
    __rt_lib_init_user_alloc_1               0x08000253   Thumb Code     0  libinit2.o(.ARM.Collect$$libinit$$0000000C)
    __rt_lib_shutdown                        0x08000255   Thumb Code     0  libshutdown.o(.ARM.Collect$$libshutdown$$00000000)
    __rt_lib_shutdown_cpp_1                  0x08000257   Thumb Code     0  libshutdown2.o(.ARM.Collect$$libshutdown$$00000004)
    __rt_lib_shutdown_fini_1                 0x08000257   Thumb Code     0  libshutdown2.o(.ARM.Collect$$libshutdown$$00000002)
    __rt_lib_shutdown_fp_trap_1              0x08000257   Thumb Code     0  libshutdown2.o(.ARM.Collect$$libshutdown$$00000009)
    __rt_lib_shutdown_heap_1                 0x08000257   Thumb Code     0  libshutdown2.o(.ARM.Collect$$libshutdown$$00000011)
    __rt_lib_shutdown_return                 0x08000257   Thumb Code     0  libshutdown2.o(.ARM.Collect$$libshutdown$$00000012)
    __rt_lib_shutdown_signal_1               0x08000257   Thumb Code     0  libshutdown2.o(.ARM.Collect$$libshutdown$$0000000C)
    __rt_lib_shutdown_stdio_1                0x08000257   Thumb Code     0  libshutdown2.o(.ARM.Collect$$libshutdown$$00000006)
    __rt_lib_shutdown_user_alloc_1           0x08000257   Thumb Code     0  libshutdown2.o(.ARM.Collect$$libshutdown$$0000000E)
    __rt_entry                               0x08000259   Thumb Code     0  __rtentry.o(.ARM.Collect$$rtentry$$00000000)
    __rt_entry_presh_1                       0x08000259   Thumb Code     0  __rtentry2.o(.ARM.Collect$$rtentry$$00000002)
    __rt_entry_sh                            0x08000259   Thumb Code     0  __rtentry4.o(.ARM.Collect$$rtentry$$00000004)
    __rt_entry_li                            0x0800025f   Thumb Code     0  __rtentry2.o(.ARM.Collect$$rtentry$$0000000A)
    __rt_entry_postsh_1                      0x0800025f   Thumb Code     0  __rtentry2.o(.ARM.Collect$$rtentry$$00000009)
    __rt_entry_main                          0x08000263   Thumb Code     0  __rtentry2.o(.ARM.Collect$$rtentry$$0000000D)
    __rt_entry_postli_1                      0x08000263   Thumb Code     0  __rtentry2.o(.ARM.Collect$$rtentry$$0000000C)
    __rt_exit                                0x0800026b   Thumb Code     0  rtexit.o(.ARM.Collect$$rtexit$$00000000)
    __rt_exit_ls                             0x0800026d   Thumb Code     0  rtexit2.o(.ARM.Collect$$rtexit$$00000003)
    __rt_exit_prels_1                        0x0800026d   Thumb Code     0  rtexit2.o(.ARM.Collect$$rtexit$$00000002)
    __rt_exit_exit                           0x08000271   Thumb Code     0  rtexit2.o(.ARM.Collect$$rtexit$$00000004)
    Reset_Handler                            0x08000279   Thumb Code     8  startup_stm32g431xx.o(.text)
    COMP1_2_3_IRQHandler                     0x08000293   Thumb Code     0  startup_stm32g431xx.o(.text)
    COMP4_IRQHandler                         0x08000293   Thumb Code     0  startup_stm32g431xx.o(.text)
    CORDIC_IRQHandler                        0x08000293   Thumb Code     0  startup_stm32g431xx.o(.text)
    CRS_IRQHandler                           0x08000293   Thumb Code     0  startup_stm32g431xx.o(.text)
    DMA1_Channel1_IRQHandler                 0x08000293   Thumb Code     0  startup_stm32g431xx.o(.text)
    DMA1_Channel2_IRQHandler                 0x08000293   Thumb Code     0  startup_stm32g431xx.o(.text)
    DMA1_Channel3_IRQHandler                 0x08000293   Thumb Code     0  startup_stm32g431xx.o(.text)
    DMA1_Channel4_IRQHandler                 0x08000293   Thumb Code     0  startup_stm32g431xx.o(.text)
    DMA1_Channel5_IRQHandler                 0x08000293   Thumb Code     0  startup_stm32g431xx.o(.text)
    DMA1_Channel6_IRQHandler                 0x08000293   Thumb Code     0  startup_stm32g431xx.o(.text)
    DMA2_Channel1_IRQHandler                 0x08000293   Thumb Code     0  startup_stm32g431xx.o(.text)
    DMA2_Channel2_IRQHandler                 0x08000293   Thumb Code     0  startup_stm32g431xx.o(.text)
    DMA2_Channel3_IRQHandler                 0x08000293   Thumb Code     0  startup_stm32g431xx.o(.text)
    DMA2_Channel4_IRQHandler                 0x08000293   Thumb Code     0  startup_stm32g431xx.o(.text)
    DMA2_Channel5_IRQHandler                 0x08000293   Thumb Code     0  startup_stm32g431xx.o(.text)
    DMA2_Channel6_IRQHandler                 0x08000293   Thumb Code     0  startup_stm32g431xx.o(.text)
    DMAMUX_OVR_IRQHandler                    0x08000293   Thumb Code     0  startup_stm32g431xx.o(.text)
    EXTI0_IRQHandler                         0x08000293   Thumb Code     0  startup_stm32g431xx.o(.text)
    EXTI15_10_IRQHandler                     0x08000293   Thumb Code     0  startup_stm32g431xx.o(.text)
    EXTI1_IRQHandler                         0x08000293   Thumb Code     0  startup_stm32g431xx.o(.text)
    EXTI2_IRQHandler                         0x08000293   Thumb Code     0  startup_stm32g431xx.o(.text)
    EXTI3_IRQHandler                         0x08000293   Thumb Code     0  startup_stm32g431xx.o(.text)
    EXTI4_IRQHandler                         0x08000293   Thumb Code     0  startup_stm32g431xx.o(.text)
    EXTI9_5_IRQHandler                       0x08000293   Thumb Code     0  startup_stm32g431xx.o(.text)
    FDCAN1_IT0_IRQHandler                    0x08000293   Thumb Code     0  startup_stm32g431xx.o(.text)
    FDCAN1_IT1_IRQHandler                    0x08000293   Thumb Code     0  startup_stm32g431xx.o(.text)
    FLASH_IRQHandler                         0x08000293   Thumb Code     0  startup_stm32g431xx.o(.text)
    FMAC_IRQHandler                          0x08000293   Thumb Code     0  startup_stm32g431xx.o(.text)
    FPU_IRQHandler                           0x08000293   Thumb Code     0  startup_stm32g431xx.o(.text)
    I2C1_ER_IRQHandler                       0x08000293   Thumb Code     0  startup_stm32g431xx.o(.text)
    I2C1_EV_IRQHandler                       0x08000293   Thumb Code     0  startup_stm32g431xx.o(.text)
    I2C2_ER_IRQHandler                       0x08000293   Thumb Code     0  startup_stm32g431xx.o(.text)
    I2C2_EV_IRQHandler                       0x08000293   Thumb Code     0  startup_stm32g431xx.o(.text)
    I2C3_ER_IRQHandler                       0x08000293   Thumb Code     0  startup_stm32g431xx.o(.text)
    I2C3_EV_IRQHandler                       0x08000293   Thumb Code     0  startup_stm32g431xx.o(.text)
    LPTIM1_IRQHandler                        0x08000293   Thumb Code     0  startup_stm32g431xx.o(.text)
    LPUART1_IRQHandler                       0x08000293   Thumb Code     0  startup_stm32g431xx.o(.text)
    PVD_PVM_IRQHandler                       0x08000293   Thumb Code     0  startup_stm32g431xx.o(.text)
    RCC_IRQHandler                           0x08000293   Thumb Code     0  startup_stm32g431xx.o(.text)
    RNG_IRQHandler                           0x08000293   Thumb Code     0  startup_stm32g431xx.o(.text)
    RTC_Alarm_IRQHandler                     0x08000293   Thumb Code     0  startup_stm32g431xx.o(.text)
    RTC_TAMP_LSECSS_IRQHandler               0x08000293   Thumb Code     0  startup_stm32g431xx.o(.text)
    RTC_WKUP_IRQHandler                      0x08000293   Thumb Code     0  startup_stm32g431xx.o(.text)
    SAI1_IRQHandler                          0x08000293   Thumb Code     0  startup_stm32g431xx.o(.text)
    SPI1_IRQHandler                          0x08000293   Thumb Code     0  startup_stm32g431xx.o(.text)
    SPI2_IRQHandler                          0x08000293   Thumb Code     0  startup_stm32g431xx.o(.text)
    SPI3_IRQHandler                          0x08000293   Thumb Code     0  startup_stm32g431xx.o(.text)
    TIM1_CC_IRQHandler                       0x08000293   Thumb Code     0  startup_stm32g431xx.o(.text)
    TIM1_TRG_COM_TIM17_IRQHandler            0x08000293   Thumb Code     0  startup_stm32g431xx.o(.text)
    TIM2_IRQHandler                          0x08000293   Thumb Code     0  startup_stm32g431xx.o(.text)
    TIM3_IRQHandler                          0x08000293   Thumb Code     0  startup_stm32g431xx.o(.text)
    TIM7_IRQHandler                          0x08000293   Thumb Code     0  startup_stm32g431xx.o(.text)
    TIM8_BRK_IRQHandler                      0x08000293   Thumb Code     0  startup_stm32g431xx.o(.text)
    TIM8_CC_IRQHandler                       0x08000293   Thumb Code     0  startup_stm32g431xx.o(.text)
    TIM8_TRG_COM_IRQHandler                  0x08000293   Thumb Code     0  startup_stm32g431xx.o(.text)
    TIM8_UP_IRQHandler                       0x08000293   Thumb Code     0  startup_stm32g431xx.o(.text)
    UART4_IRQHandler                         0x08000293   Thumb Code     0  startup_stm32g431xx.o(.text)
    UCPD1_IRQHandler                         0x08000293   Thumb Code     0  startup_stm32g431xx.o(.text)
    USART1_IRQHandler                        0x08000293   Thumb Code     0  startup_stm32g431xx.o(.text)
    USART2_IRQHandler                        0x08000293   Thumb Code     0  startup_stm32g431xx.o(.text)
    USART3_IRQHandler                        0x08000293   Thumb Code     0  startup_stm32g431xx.o(.text)
    USBWakeUp_IRQHandler                     0x08000293   Thumb Code     0  startup_stm32g431xx.o(.text)
    USB_HP_IRQHandler                        0x08000293   Thumb Code     0  startup_stm32g431xx.o(.text)
    USB_LP_IRQHandler                        0x08000293   Thumb Code     0  startup_stm32g431xx.o(.text)
    WWDG_IRQHandler                          0x08000293   Thumb Code     0  startup_stm32g431xx.o(.text)
    __user_initial_stackheap                 0x08000295   Thumb Code     0  startup_stm32g431xx.o(.text)
    __aeabi_uldivmod                         0x080002b9   Thumb Code     0  lludivv7m.o(.text)
    _ll_udiv                                 0x080002b9   Thumb Code   238  lludivv7m.o(.text)
    __aeabi_memcpy4                          0x080003a7   Thumb Code     0  rt_memcpy_w.o(.text)
    __aeabi_memcpy8                          0x080003a7   Thumb Code     0  rt_memcpy_w.o(.text)
    __rt_memcpy_w                            0x080003a7   Thumb Code   100  rt_memcpy_w.o(.text)
    _memcpy_lastbytes_aligned                0x080003ef   Thumb Code     0  rt_memcpy_w.o(.text)
    __aeabi_memclr4                          0x0800040b   Thumb Code     0  rt_memclr_w.o(.text)
    __aeabi_memclr8                          0x0800040b   Thumb Code     0  rt_memclr_w.o(.text)
    __rt_memclr_w                            0x0800040b   Thumb Code    78  rt_memclr_w.o(.text)
    _memset_w                                0x0800040f   Thumb Code     0  rt_memclr_w.o(.text)
    __use_two_region_memory                  0x08000459   Thumb Code     2  heapauxi.o(.text)
    __rt_heap_escrow$2region                 0x0800045b   Thumb Code     2  heapauxi.o(.text)
    __rt_heap_expand$2region                 0x0800045d   Thumb Code     2  heapauxi.o(.text)
    __read_errno                             0x0800045f   Thumb Code    10  _rserrno.o(.text)
    __set_errno                              0x08000469   Thumb Code    12  _rserrno.o(.text)
    __aeabi_errno_addr                       0x08000475   Thumb Code     8  rt_errno_addr_intlibspace.o(.text)
    __errno$intlibspace                      0x08000475   Thumb Code     0  rt_errno_addr_intlibspace.o(.text)
    __rt_errno_addr$intlibspace              0x08000475   Thumb Code     0  rt_errno_addr_intlibspace.o(.text)
    __user_libspace                          0x0800047d   Thumb Code     8  libspace.o(.text)
    __user_perproc_libspace                  0x0800047d   Thumb Code     0  libspace.o(.text)
    __user_perthread_libspace                0x0800047d   Thumb Code     0  libspace.o(.text)
    __user_setup_stackheap                   0x08000485   Thumb Code    74  sys_stackheap_outer.o(.text)
    exit                                     0x080004cf   Thumb Code    18  exit.o(.text)
    _sys_exit                                0x080004e1   Thumb Code     8  sys_exit.o(.text)
    __I$use$semihosting                      0x080004ed   Thumb Code     0  use_no_semi.o(.text)
    __use_no_semihosting_swi                 0x080004ed   Thumb Code     2  use_no_semi.o(.text)
    __semihosting_library_function           0x080004ef   Thumb Code     0  indicate_semi.o(.text)
    ADC1_2_IRQHandler                        0x080004f1   Thumb Code    18  stm32g4xx_it.o(i.ADC1_2_IRQHandler)
    ADC_Disable                              0x0800050d   Thumb Code   106  stm32g4xx_hal_adc.o(i.ADC_Disable)
    ADC_Enable                               0x0800057d   Thumb Code   154  stm32g4xx_hal_adc.o(i.ADC_Enable)
    BusFault_Handler                         0x08000629   Thumb Code     2  stm32g4xx_it.o(i.BusFault_Handler)
    DebugMon_Handler                         0x0800062b   Thumb Code     2  stm32g4xx_it.o(i.DebugMon_Handler)
    DriftOffsets                             0x0800062d   Thumb Code   100  current_detect.o(i.DriftOffsets)
    Error_Handler                            0x08000699   Thumb Code     4  main.o(i.Error_Handler)
    GetPhaseCurrent                          0x0800069d   Thumb Code   116  current_detect.o(i.GetPhaseCurrent)
    HAL_ADCEx_Calibration_Start              0x0800071d   Thumb Code   138  stm32g4xx_hal_adc_ex.o(i.HAL_ADCEx_Calibration_Start)
    HAL_ADCEx_EndOfSamplingCallback          0x080007b1   Thumb Code     2  stm32g4xx_hal_adc_ex.o(i.HAL_ADCEx_EndOfSamplingCallback)
    HAL_ADCEx_InjectedConfigChannel          0x080007b5   Thumb Code  1264  stm32g4xx_hal_adc_ex.o(i.HAL_ADCEx_InjectedConfigChannel)
    HAL_ADCEx_InjectedConvCpltCallback       0x08000ccd   Thumb Code   318  current_detect.o(i.HAL_ADCEx_InjectedConvCpltCallback)
    HAL_ADCEx_InjectedQueueOverflowCallback  0x08000e35   Thumb Code     2  stm32g4xx_hal_adc_ex.o(i.HAL_ADCEx_InjectedQueueOverflowCallback)
    HAL_ADCEx_InjectedStart_IT               0x08000e39   Thumb Code   282  stm32g4xx_hal_adc_ex.o(i.HAL_ADCEx_InjectedStart_IT)
    HAL_ADCEx_LevelOutOfWindow2Callback      0x08000f61   Thumb Code     2  stm32g4xx_hal_adc_ex.o(i.HAL_ADCEx_LevelOutOfWindow2Callback)
    HAL_ADCEx_LevelOutOfWindow3Callback      0x08000f63   Thumb Code     2  stm32g4xx_hal_adc_ex.o(i.HAL_ADCEx_LevelOutOfWindow3Callback)
    HAL_ADCEx_MultiModeConfigChannel         0x08000f65   Thumb Code   208  stm32g4xx_hal_adc_ex.o(i.HAL_ADCEx_MultiModeConfigChannel)
    HAL_ADC_ConfigChannel                    0x0800103d   Thumb Code  1006  stm32g4xx_hal_adc.o(i.HAL_ADC_ConfigChannel)
    HAL_ADC_ConvCpltCallback                 0x08001461   Thumb Code     2  stm32g4xx_hal_adc.o(i.HAL_ADC_ConvCpltCallback)
    HAL_ADC_ErrorCallback                    0x08001463   Thumb Code     2  stm32g4xx_hal_adc.o(i.HAL_ADC_ErrorCallback)
    HAL_ADC_IRQHandler                       0x08001465   Thumb Code   612  stm32g4xx_hal_adc.o(i.HAL_ADC_IRQHandler)
    HAL_ADC_Init                             0x080016d1   Thumb Code   466  stm32g4xx_hal_adc.o(i.HAL_ADC_Init)
    HAL_ADC_LevelOutOfWindowCallback         0x080018c5   Thumb Code     2  stm32g4xx_hal_adc.o(i.HAL_ADC_LevelOutOfWindowCallback)
    HAL_ADC_MspInit                          0x080018c9   Thumb Code   258  adc.o(i.HAL_ADC_MspInit)
    HAL_ADC_Start                            0x080019dd   Thumb Code   230  stm32g4xx_hal_adc.o(i.HAL_ADC_Start)
    HAL_GPIO_Init                            0x08001ad1   Thumb Code   550  stm32g4xx_hal_gpio.o(i.HAL_GPIO_Init)
    HAL_GPIO_ReadPin                         0x08001d19   Thumb Code    10  stm32g4xx_hal_gpio.o(i.HAL_GPIO_ReadPin)
    HAL_GetTick                              0x08001d25   Thumb Code     6  stm32g4xx_hal.o(i.HAL_GetTick)
    HAL_IncTick                              0x08001d31   Thumb Code    12  stm32g4xx_hal.o(i.HAL_IncTick)
    HAL_Init                                 0x08001d41   Thumb Code    30  stm32g4xx_hal.o(i.HAL_Init)
    HAL_InitTick                             0x08001d61   Thumb Code    58  stm32g4xx_hal.o(i.HAL_InitTick)
    HAL_MspInit                              0x08001da5   Thumb Code    42  stm32g4xx_hal_msp.o(i.HAL_MspInit)
    HAL_NVIC_EnableIRQ                       0x08001dd5   Thumb Code    26  stm32g4xx_hal_cortex.o(i.HAL_NVIC_EnableIRQ)
    HAL_NVIC_SetPriority                     0x08001df1   Thumb Code    60  stm32g4xx_hal_cortex.o(i.HAL_NVIC_SetPriority)
    HAL_NVIC_SetPriorityGrouping             0x08001e31   Thumb Code    26  stm32g4xx_hal_cortex.o(i.HAL_NVIC_SetPriorityGrouping)
    HAL_OPAMP_Init                           0x08001e55   Thumb Code   236  stm32g4xx_hal_opamp.o(i.HAL_OPAMP_Init)
    HAL_OPAMP_MspInit                        0x08001f49   Thumb Code   134  opamp.o(i.HAL_OPAMP_MspInit)
    HAL_OPAMP_Start                          0x08001fdd   Thumb Code    44  stm32g4xx_hal_opamp.o(i.HAL_OPAMP_Start)
    HAL_PWREx_ControlVoltageScaling          0x08002009   Thumb Code   174  stm32g4xx_hal_pwr_ex.o(i.HAL_PWREx_ControlVoltageScaling)
    HAL_PWREx_DisableUCPDDeadBattery         0x080020c5   Thumb Code    12  stm32g4xx_hal_pwr_ex.o(i.HAL_PWREx_DisableUCPDDeadBattery)
    HAL_RCCEx_PeriphCLKConfig                0x080020d5   Thumb Code   638  stm32g4xx_hal_rcc_ex.o(i.HAL_RCCEx_PeriphCLKConfig)
    HAL_RCC_ClockConfig                      0x0800235d   Thumb Code   444  stm32g4xx_hal_rcc.o(i.HAL_RCC_ClockConfig)
    HAL_RCC_GetPCLK1Freq                     0x08002539   Thumb Code    24  stm32g4xx_hal_rcc.o(i.HAL_RCC_GetPCLK1Freq)
    HAL_RCC_GetPCLK2Freq                     0x0800255d   Thumb Code    24  stm32g4xx_hal_rcc.o(i.HAL_RCC_GetPCLK2Freq)
    HAL_RCC_GetSysClockFreq                  0x08002581   Thumb Code    98  stm32g4xx_hal_rcc.o(i.HAL_RCC_GetSysClockFreq)
    HAL_RCC_OscConfig                        0x080025f1   Thumb Code  1028  stm32g4xx_hal_rcc.o(i.HAL_RCC_OscConfig)
    HAL_SYSTICK_Config                       0x080029f5   Thumb Code    40  stm32g4xx_hal_cortex.o(i.HAL_SYSTICK_Config)
    HAL_TIMEx_Break2Callback                 0x08002a1d   Thumb Code     2  stm32g4xx_hal_tim_ex.o(i.HAL_TIMEx_Break2Callback)
    HAL_TIMEx_BreakCallback                  0x08002a1f   Thumb Code     2  stm32g4xx_hal_tim_ex.o(i.HAL_TIMEx_BreakCallback)
    HAL_TIMEx_CommutCallback                 0x08002a21   Thumb Code     2  stm32g4xx_hal_tim_ex.o(i.HAL_TIMEx_CommutCallback)
    HAL_TIMEx_ConfigBreakDeadTime            0x08002a25   Thumb Code   148  stm32g4xx_hal_tim_ex.o(i.HAL_TIMEx_ConfigBreakDeadTime)
    HAL_TIMEx_DirectionChangeCallback        0x08002ac1   Thumb Code     2  stm32g4xx_hal_tim_ex.o(i.HAL_TIMEx_DirectionChangeCallback)
    HAL_TIMEx_EncoderIndexCallback           0x08002ac3   Thumb Code     2  stm32g4xx_hal_tim_ex.o(i.HAL_TIMEx_EncoderIndexCallback)
    HAL_TIMEx_HallSensor_Init                0x08002ac5   Thumb Code   208  stm32g4xx_hal_tim_ex.o(i.HAL_TIMEx_HallSensor_Init)
    HAL_TIMEx_HallSensor_MspInit             0x08002ba1   Thumb Code   142  tim.o(i.HAL_TIMEx_HallSensor_MspInit)
    HAL_TIMEx_HallSensor_Start_IT            0x08002c3d   Thumb Code   144  stm32g4xx_hal_tim_ex.o(i.HAL_TIMEx_HallSensor_Start_IT)
    HAL_TIMEx_IndexErrorCallback             0x08002ce5   Thumb Code     2  stm32g4xx_hal_tim_ex.o(i.HAL_TIMEx_IndexErrorCallback)
    HAL_TIMEx_MasterConfigSynchronization    0x08002ce9   Thumb Code   132  stm32g4xx_hal_tim_ex.o(i.HAL_TIMEx_MasterConfigSynchronization)
    HAL_TIMEx_PWMN_Start                     0x08002d85   Thumb Code   158  stm32g4xx_hal_tim_ex.o(i.HAL_TIMEx_PWMN_Start)
    HAL_TIMEx_TransitionErrorCallback        0x08002e3d   Thumb Code     2  stm32g4xx_hal_tim_ex.o(i.HAL_TIMEx_TransitionErrorCallback)
    HAL_TIM_Base_Init                        0x08002e3f   Thumb Code    98  stm32g4xx_hal_tim.o(i.HAL_TIM_Base_Init)
    HAL_TIM_Base_MspInit                     0x08002ea1   Thumb Code    50  tim.o(i.HAL_TIM_Base_MspInit)
    HAL_TIM_Base_Start                       0x08002edd   Thumb Code    84  stm32g4xx_hal_tim.o(i.HAL_TIM_Base_Start)
    HAL_TIM_Base_Start_IT                    0x08002f49   Thumb Code    94  stm32g4xx_hal_tim.o(i.HAL_TIM_Base_Start_IT)
    HAL_TIM_IC_CaptureCallback               0x08002fc1   Thumb Code   246  foc.o(i.HAL_TIM_IC_CaptureCallback)
    HAL_TIM_IRQHandler                       0x08003101   Thumb Code   418  stm32g4xx_hal_tim.o(i.HAL_TIM_IRQHandler)
    HAL_TIM_MspPostInit                      0x080032a5   Thumb Code   136  tim.o(i.HAL_TIM_MspPostInit)
    HAL_TIM_OC_DelayElapsedCallback          0x08003339   Thumb Code     2  stm32g4xx_hal_tim.o(i.HAL_TIM_OC_DelayElapsedCallback)
    HAL_TIM_PWM_ConfigChannel                0x0800333b   Thumb Code   292  stm32g4xx_hal_tim.o(i.HAL_TIM_PWM_ConfigChannel)
    HAL_TIM_PWM_Init                         0x0800345f   Thumb Code    98  stm32g4xx_hal_tim.o(i.HAL_TIM_PWM_Init)
    HAL_TIM_PWM_MspInit                      0x080034c1   Thumb Code    66  tim.o(i.HAL_TIM_PWM_MspInit)
    HAL_TIM_PWM_PulseFinishedCallback        0x0800350d   Thumb Code     2  stm32g4xx_hal_tim.o(i.HAL_TIM_PWM_PulseFinishedCallback)
    HAL_TIM_PWM_Start                        0x08003511   Thumb Code   218  stm32g4xx_hal_tim.o(i.HAL_TIM_PWM_Start)
    HAL_TIM_PeriodElapsedCallback            0x0800360d   Thumb Code     2  stm32g4xx_hal_tim.o(i.HAL_TIM_PeriodElapsedCallback)
    HAL_TIM_ReadCapturedValue                0x0800360f   Thumb Code    42  stm32g4xx_hal_tim.o(i.HAL_TIM_ReadCapturedValue)
    HAL_TIM_TriggerCallback                  0x08003639   Thumb Code     2  stm32g4xx_hal_tim.o(i.HAL_TIM_TriggerCallback)
    HAL_UARTEx_DisableFifoMode               0x0800363b   Thumb Code    62  stm32g4xx_hal_uart_ex.o(i.HAL_UARTEx_DisableFifoMode)
    HAL_UARTEx_SetRxFifoThreshold            0x08003679   Thumb Code    76  stm32g4xx_hal_uart_ex.o(i.HAL_UARTEx_SetRxFifoThreshold)
    HAL_UARTEx_SetTxFifoThreshold            0x080036c5   Thumb Code    76  stm32g4xx_hal_uart_ex.o(i.HAL_UARTEx_SetTxFifoThreshold)
    HAL_UART_Init                            0x08003711   Thumb Code   106  stm32g4xx_hal_uart.o(i.HAL_UART_Init)
    HAL_UART_MspInit                         0x0800377d   Thumb Code   114  usart.o(i.HAL_UART_MspInit)
    HAL_UART_Transmit                        0x080037fd   Thumb Code   174  stm32g4xx_hal_uart.o(i.HAL_UART_Transmit)
    HardFault_Handler                        0x080038ab   Thumb Code     2  stm32g4xx_it.o(i.HardFault_Handler)
    MX_ADC1_Init                             0x08003951   Thumb Code   232  adc.o(i.MX_ADC1_Init)
    MX_ADC2_Init                             0x08003a45   Thumb Code   132  adc.o(i.MX_ADC2_Init)
    MX_GPIO_Init                             0x08003ad5   Thumb Code    54  gpio.o(i.MX_GPIO_Init)
    MX_OPAMP1_Init                           0x08003b11   Thumb Code    42  opamp.o(i.MX_OPAMP1_Init)
    MX_OPAMP2_Init                           0x08003b45   Thumb Code    42  opamp.o(i.MX_OPAMP2_Init)
    MX_OPAMP3_Init                           0x08003b79   Thumb Code    42  opamp.o(i.MX_OPAMP3_Init)
    MX_TIM1_Init                             0x08003bad   Thumb Code   234  tim.o(i.MX_TIM1_Init)
    MX_TIM4_Init                             0x08003ca1   Thumb Code    80  tim.o(i.MX_TIM4_Init)
    MX_TIM6_Init                             0x08003cf9   Thumb Code    60  tim.o(i.MX_TIM6_Init)
    MX_USART3_UART_Init                      0x08003d3d   Thumb Code    94  usart.o(i.MX_USART3_UART_Init)
    MemManage_Handler                        0x08003da5   Thumb Code     2  stm32g4xx_it.o(i.MemManage_Handler)
    NMI_Handler                              0x08003da7   Thumb Code     2  stm32g4xx_it.o(i.NMI_Handler)
    PendSV_Handler                           0x08003da9   Thumb Code     2  stm32g4xx_it.o(i.PendSV_Handler)
    SVC_Handler                              0x08003dab   Thumb Code     2  stm32g4xx_it.o(i.SVC_Handler)
    SVPWM_ZeroSequence                       0x08003dad   Thumb Code   174  foc.o(i.SVPWM_ZeroSequence)
    SetPWM                                   0x08003e5d   Thumb Code   102  foc.o(i.SetPWM)
    SysTick_Handler                          0x08003ecd   Thumb Code     4  stm32g4xx_it.o(i.SysTick_Handler)
    SystemClock_Config                       0x08003ed1   Thumb Code   100  main.o(i.SystemClock_Config)
    SystemInit                               0x08003f35   Thumb Code    12  system_stm32g4xx.o(i.SystemInit)
    TIM1_BRK_TIM15_IRQHandler                0x08003f45   Thumb Code     6  stm32g4xx_it.o(i.TIM1_BRK_TIM15_IRQHandler)
    TIM1_UP_TIM16_IRQHandler                 0x08003f51   Thumb Code     6  stm32g4xx_it.o(i.TIM1_UP_TIM16_IRQHandler)
    TIM4_IRQHandler                          0x08003f5d   Thumb Code     6  stm32g4xx_it.o(i.TIM4_IRQHandler)
    TIM6_DAC_IRQHandler                      0x08003f69   Thumb Code     6  stm32g4xx_it.o(i.TIM6_DAC_IRQHandler)
    TIM_Base_SetConfig                       0x08003f75   Thumb Code   160  stm32g4xx_hal_tim.o(i.TIM_Base_SetConfig)
    TIM_CCxChannelCmd                        0x08004031   Thumb Code    26  stm32g4xx_hal_tim.o(i.TIM_CCxChannelCmd)
    TIM_OC2_SetConfig                        0x08004101   Thumb Code   120  stm32g4xx_hal_tim.o(i.TIM_OC2_SetConfig)
    TIM_TI1_SetConfig                        0x08004391   Thumb Code    88  stm32g4xx_hal_tim.o(i.TIM_TI1_SetConfig)
    UART_AdvFeatureConfig                    0x08004441   Thumb Code   200  stm32g4xx_hal_uart.o(i.UART_AdvFeatureConfig)
    UART_CheckIdleState                      0x08004509   Thumb Code   172  stm32g4xx_hal_uart.o(i.UART_CheckIdleState)
    UART_SetConfig                           0x08004609   Thumb Code   582  stm32g4xx_hal_uart.o(i.UART_SetConfig)
    UART_WaitOnFlagUntilTimeout              0x0800487d   Thumb Code   148  stm32g4xx_hal_uart.o(i.UART_WaitOnFlagUntilTimeout)
    UsageFault_Handler                       0x08004911   Thumb Code     2  stm32g4xx_it.o(i.UsageFault_Handler)
    __ARM_fpclassify                         0x08004913   Thumb Code    48  fpclassify.o(i.__ARM_fpclassify)
    __hardfp_cos                             0x08004969   Thumb Code   180  cos.o(i.__hardfp_cos)
    __hardfp_fmaxf                           0x08004a31   Thumb Code    72  fmaxf.o(i.__hardfp_fmaxf)
    __hardfp_fminf                           0x08004a79   Thumb Code    72  fminf.o(i.__hardfp_fminf)
    __hardfp_sin                             0x08004ac1   Thumb Code   180  sin.o(i.__hardfp_sin)
    __hardfp_sqrt                            0x08004b89   Thumb Code   122  sqrt.o(i.__hardfp_sqrt)
    __hardfp_sqrtf                           0x08004c03   Thumb Code    58  sqrtf.o(i.__hardfp_sqrtf)
    __ieee754_rem_pio2                       0x08004c41   Thumb Code   938  rred.o(i.__ieee754_rem_pio2)
    __kernel_cos                             0x08005079   Thumb Code   322  cos_i.o(i.__kernel_cos)
    __kernel_poly                            0x080051e9   Thumb Code   248  poly.o(i.__kernel_poly)
    __kernel_sin                             0x080052e1   Thumb Code   280  sin_i.o(i.__kernel_sin)
    __mathlib_dbl_infnan                     0x08005411   Thumb Code    20  dunder.o(i.__mathlib_dbl_infnan)
    __mathlib_dbl_invalid                    0x08005429   Thumb Code    24  dunder.o(i.__mathlib_dbl_invalid)
    __mathlib_dbl_underflow                  0x08005449   Thumb Code    24  dunder.o(i.__mathlib_dbl_underflow)
    anipark                                  0x08005469   Thumb Code   118  foc.o(i.anipark)
    clark_park                               0x080054e5   Thumb Code   220  foc.o(i.clark_park)
    current_loop                             0x080055cd   Thumb Code   134  foc.o(i.current_loop)
    fabs                                     0x08005665   Thumb Code    24  fabs.o(i.fabs)
    main                                     0x0800567d   Thumb Code   208  main.o(i.main)
    send_vofa                                0x08005775   Thumb Code   224  foc.o(i.send_vofa)
    __aeabi_dneg                             0x08005869   Thumb Code     0  basic.o(x$fpl$basic)
    _dneg                                    0x08005869   Thumb Code     6  basic.o(x$fpl$basic)
    __aeabi_fneg                             0x0800586f   Thumb Code     0  basic.o(x$fpl$basic)
    _fneg                                    0x0800586f   Thumb Code     6  basic.o(x$fpl$basic)
    _dabs                                    0x08005875   Thumb Code     6  basic.o(x$fpl$basic)
    _fabs                                    0x0800587b   Thumb Code     6  basic.o(x$fpl$basic)
    __aeabi_d2f                              0x08005881   Thumb Code     0  d2f.o(x$fpl$d2f)
    _d2f                                     0x08005881   Thumb Code    98  d2f.o(x$fpl$d2f)
    __aeabi_dadd                             0x080058e5   Thumb Code     0  daddsub_clz.o(x$fpl$dadd)
    _dadd                                    0x080058e5   Thumb Code   332  daddsub_clz.o(x$fpl$dadd)
    __aeabi_ddiv                             0x08005a35   Thumb Code     0  ddiv.o(x$fpl$ddiv)
    _ddiv                                    0x08005a35   Thumb Code   552  ddiv.o(x$fpl$ddiv)
    __aeabi_d2iz                             0x08005ce5   Thumb Code     0  dfix.o(x$fpl$dfix)
    _dfix                                    0x08005ce5   Thumb Code    94  dfix.o(x$fpl$dfix)
    __aeabi_i2d                              0x08005d43   Thumb Code     0  dflt_clz.o(x$fpl$dflt)
    _dflt                                    0x08005d43   Thumb Code    46  dflt_clz.o(x$fpl$dflt)
    __aeabi_ui2d                             0x08005d71   Thumb Code     0  dflt_clz.o(x$fpl$dfltu)
    _dfltu                                   0x08005d71   Thumb Code    38  dflt_clz.o(x$fpl$dfltu)
    __aeabi_dmul                             0x08005d99   Thumb Code     0  dmul.o(x$fpl$dmul)
    _dmul                                    0x08005d99   Thumb Code   332  dmul.o(x$fpl$dmul)
    __fpl_dnaninf                            0x08005eed   Thumb Code   156  dnaninf.o(x$fpl$dnaninf)
    __fpl_dretinf                            0x08005f89   Thumb Code    12  dretinf.o(x$fpl$dretinf)
    __aeabi_drsub                            0x08005f95   Thumb Code     0  daddsub_clz.o(x$fpl$drsb)
    _drsb                                    0x08005f95   Thumb Code    22  daddsub_clz.o(x$fpl$drsb)
    _dsqrt                                   0x08005fad   Thumb Code   404  dsqrt_umaal.o(x$fpl$dsqrt)
    __aeabi_dsub                             0x08006145   Thumb Code     0  daddsub_clz.o(x$fpl$dsub)
    _dsub                                    0x08006145   Thumb Code   464  daddsub_clz.o(x$fpl$dsub)
    __aeabi_f2d                              0x08006319   Thumb Code     0  f2d.o(x$fpl$f2d)
    _f2d                                     0x08006319   Thumb Code    86  f2d.o(x$fpl$f2d)
    __fcmp4                                  0x08006371   Thumb Code    24  fcmp4.o(x$fpl$fcmp4)
    __ARM_fcmp4                              0x08006389   Thumb Code     0  fcmp4.o(x$fpl$fcmp4)
    _fcmp4                                   0x08006389   Thumb Code    58  fcmp4.o(x$fpl$fcmp4)
    __fpl_fcmp_Inf                           0x080063c3   Thumb Code    24  fcmpi.o(x$fpl$fcmpinf)
    __fpl_fnaninf                            0x080063db   Thumb Code   140  fnaninf.o(x$fpl$fnaninf)
    _fp_init                                 0x08006467   Thumb Code    10  fpinit.o(x$fpl$fpinit)
    __fplib_config_fpu_vfp                   0x0800646f   Thumb Code     0  fpinit.o(x$fpl$fpinit)
    __fplib_config_pureend_doubles           0x0800646f   Thumb Code     0  fpinit.o(x$fpl$fpinit)
    __fpl_fretinf                            0x08006471   Thumb Code    10  fretinf.o(x$fpl$fretinf)
    UARTPrescTable                           0x0800647a   Data          24  stm32g4xx_hal_uart.o(.constdata)
    __I$use$fp                               0x0800647a   Number         0  usenofp.o(x$fpl$usenofp)
    AHBPrescTable                            0x080064a2   Data          16  system_stm32g4xx.o(.constdata)
    APBPrescTable                            0x080064b2   Data           8  system_stm32g4xx.o(.constdata)
    Region$$Table$$Base                      0x080065e0   Number         0  anon$$obj.o(Region$$Table)
    Region$$Table$$Limit                     0x08006600   Number         0  anon$$obj.o(Region$$Table)
    HallReadTemp                             0x20000000   Data           1  foc.o(.data)
    nail                                     0x20000001   Data           4  foc.o(.data)
    DUTYA                                    0x20000008   Data           4  foc.o(.data)
    DUTYB                                    0x2000000c   Data           4  foc.o(.data)
    DUTYC                                    0x20000010   Data           4  foc.o(.data)
    pid_target                               0x20000014   Data           4  foc.o(.data)
    pid_measure                              0x20000018   Data           4  foc.o(.data)
    ADC_OFFSET                               0x2000001c   Data           1  current_detect.o(.data)
    offset_ia                                0x20000020   Data           4  current_detect.o(.data)
    offset_ic                                0x20000024   Data           4  current_detect.o(.data)
    HallThetaAdd                             0x20000028   Data           4  current_detect.o(.data)
    HallTheta                                0x2000002c   Data           4  current_detect.o(.data)
    uq_target                                0x20000030   Data           4  current_detect.o(.data)
    offset_ib                                0x20000034   Data           4  current_detect.o(.data)
    clark_change                             0x20000038   Data           8  current_detect.o(.data)
    HallTemp                                 0x20000040   Data           4  current_detect.o(.data)
    HallSpeed                                0x20000044   Data           4  current_detect.o(.data)
    uwTickPrio                               0x2000004c   Data           4  stm32g4xx_hal.o(.data)
    uwTickFreq                               0x20000050   Data           4  stm32g4xx_hal.o(.data)
    uwTick                                   0x20000054   Data           4  stm32g4xx_hal.o(.data)
    SystemCoreClock                          0x20000058   Data           4  system_stm32g4xx.o(.data)
    Samp_volts                               0x2000005c   Data          12  current_detect.o(.bss)
    current                                  0x20000068   Data          24  current_detect.o(.bss)
    UABC                                     0x20000080   Data          24  current_detect.o(.bss)
    UABC_set                                 0x20000098   Data          24  current_detect.o(.bss)
    pid                                      0x200000b0   Data         100  current_detect.o(.bss)
    hadc1                                    0x20000114   Data         108  adc.o(.bss)
    hadc2                                    0x20000180   Data         108  adc.o(.bss)
    hopamp1                                  0x200001ec   Data          60  opamp.o(.bss)
    hopamp2                                  0x20000228   Data          60  opamp.o(.bss)
    hopamp3                                  0x20000264   Data          60  opamp.o(.bss)
    htim1                                    0x200002a0   Data          76  tim.o(.bss)
    htim4                                    0x200002ec   Data          76  tim.o(.bss)
    htim6                                    0x20000338   Data          76  tim.o(.bss)
    huart3                                   0x20000384   Data         148  usart.o(.bss)
    __libspace_start                         0x20000418   Data          96  libspace.o(.bss)
    __temporary_stack_top$libspace           0x20000478   Data           0  libspace.o(.bss)



==============================================================================

Memory Map of the image

  Image Entry point : 0x080001d9

  Load Region LR_IROM1 (Base: 0x08000000, Size: 0x0000665c, Max: 0x00020000, ABSOLUTE)

    Execution Region ER_IROM1 (Exec base: 0x08000000, Load base: 0x08000000, Size: 0x00006600, Max: 0x00020000, ABSOLUTE)

    Exec Addr    Load Addr    Size         Type   Attr      Idx    E Section Name        Object

    0x08000000   0x08000000   0x000001d8   Data   RO            3    RESET               startup_stm32g431xx.o
    0x080001d8   0x080001d8   0x00000008   Code   RO         4480  * !!!main             c_w.l(__main.o)
    0x080001e0   0x080001e0   0x00000034   Code   RO         4799    !!!scatter          c_w.l(__scatter.o)
    0x08000214   0x08000214   0x0000001a   Code   RO         4801    !!handler_copy      c_w.l(__scatter_copy.o)
    0x0800022e   0x0800022e   0x00000002   PAD
    0x08000230   0x08000230   0x0000001c   Code   RO         4803    !!handler_zi        c_w.l(__scatter_zi.o)
    0x0800024c   0x0800024c   0x00000002   Code   RO         4670    .ARM.Collect$$libinit$$00000000  c_w.l(libinit.o)
    0x0800024e   0x0800024e   0x00000004   Code   RO         4679    .ARM.Collect$$libinit$$00000001  c_w.l(libinit2.o)
    0x08000252   0x08000252   0x00000000   Code   RO         4682    .ARM.Collect$$libinit$$00000004  c_w.l(libinit2.o)
    0x08000252   0x08000252   0x00000000   Code   RO         4685    .ARM.Collect$$libinit$$0000000A  c_w.l(libinit2.o)
    0x08000252   0x08000252   0x00000000   Code   RO         4687    .ARM.Collect$$libinit$$0000000C  c_w.l(libinit2.o)
    0x08000252   0x08000252   0x00000000   Code   RO         4689    .ARM.Collect$$libinit$$0000000E  c_w.l(libinit2.o)
    0x08000252   0x08000252   0x00000000   Code   RO         4692    .ARM.Collect$$libinit$$00000011  c_w.l(libinit2.o)
    0x08000252   0x08000252   0x00000000   Code   RO         4694    .ARM.Collect$$libinit$$00000013  c_w.l(libinit2.o)
    0x08000252   0x08000252   0x00000000   Code   RO         4696    .ARM.Collect$$libinit$$00000015  c_w.l(libinit2.o)
    0x08000252   0x08000252   0x00000000   Code   RO         4698    .ARM.Collect$$libinit$$00000017  c_w.l(libinit2.o)
    0x08000252   0x08000252   0x00000000   Code   RO         4700    .ARM.Collect$$libinit$$00000019  c_w.l(libinit2.o)
    0x08000252   0x08000252   0x00000000   Code   RO         4702    .ARM.Collect$$libinit$$0000001B  c_w.l(libinit2.o)
    0x08000252   0x08000252   0x00000000   Code   RO         4704    .ARM.Collect$$libinit$$0000001D  c_w.l(libinit2.o)
    0x08000252   0x08000252   0x00000000   Code   RO         4706    .ARM.Collect$$libinit$$0000001F  c_w.l(libinit2.o)
    0x08000252   0x08000252   0x00000000   Code   RO         4708    .ARM.Collect$$libinit$$00000021  c_w.l(libinit2.o)
    0x08000252   0x08000252   0x00000000   Code   RO         4710    .ARM.Collect$$libinit$$00000023  c_w.l(libinit2.o)
    0x08000252   0x08000252   0x00000000   Code   RO         4712    .ARM.Collect$$libinit$$00000025  c_w.l(libinit2.o)
    0x08000252   0x08000252   0x00000000   Code   RO         4716    .ARM.Collect$$libinit$$0000002C  c_w.l(libinit2.o)
    0x08000252   0x08000252   0x00000000   Code   RO         4718    .ARM.Collect$$libinit$$0000002E  c_w.l(libinit2.o)
    0x08000252   0x08000252   0x00000000   Code   RO         4720    .ARM.Collect$$libinit$$00000030  c_w.l(libinit2.o)
    0x08000252   0x08000252   0x00000000   Code   RO         4722    .ARM.Collect$$libinit$$00000032  c_w.l(libinit2.o)
    0x08000252   0x08000252   0x00000002   Code   RO         4723    .ARM.Collect$$libinit$$00000033  c_w.l(libinit2.o)
    0x08000254   0x08000254   0x00000002   Code   RO         4754    .ARM.Collect$$libshutdown$$00000000  c_w.l(libshutdown.o)
    0x08000256   0x08000256   0x00000000   Code   RO         4780    .ARM.Collect$$libshutdown$$00000002  c_w.l(libshutdown2.o)
    0x08000256   0x08000256   0x00000000   Code   RO         4782    .ARM.Collect$$libshutdown$$00000004  c_w.l(libshutdown2.o)
    0x08000256   0x08000256   0x00000000   Code   RO         4784    .ARM.Collect$$libshutdown$$00000006  c_w.l(libshutdown2.o)
    0x08000256   0x08000256   0x00000000   Code   RO         4787    .ARM.Collect$$libshutdown$$00000009  c_w.l(libshutdown2.o)
    0x08000256   0x08000256   0x00000000   Code   RO         4790    .ARM.Collect$$libshutdown$$0000000C  c_w.l(libshutdown2.o)
    0x08000256   0x08000256   0x00000000   Code   RO         4792    .ARM.Collect$$libshutdown$$0000000E  c_w.l(libshutdown2.o)
    0x08000256   0x08000256   0x00000000   Code   RO         4795    .ARM.Collect$$libshutdown$$00000011  c_w.l(libshutdown2.o)
    0x08000256   0x08000256   0x00000002   Code   RO         4796    .ARM.Collect$$libshutdown$$00000012  c_w.l(libshutdown2.o)
    0x08000258   0x08000258   0x00000000   Code   RO         4554    .ARM.Collect$$rtentry$$00000000  c_w.l(__rtentry.o)
    0x08000258   0x08000258   0x00000000   Code   RO         4609    .ARM.Collect$$rtentry$$00000002  c_w.l(__rtentry2.o)
    0x08000258   0x08000258   0x00000006   Code   RO         4621    .ARM.Collect$$rtentry$$00000004  c_w.l(__rtentry4.o)
    0x0800025e   0x0800025e   0x00000000   Code   RO         4611    .ARM.Collect$$rtentry$$00000009  c_w.l(__rtentry2.o)
    0x0800025e   0x0800025e   0x00000004   Code   RO         4612    .ARM.Collect$$rtentry$$0000000A  c_w.l(__rtentry2.o)
    0x08000262   0x08000262   0x00000000   Code   RO         4614    .ARM.Collect$$rtentry$$0000000C  c_w.l(__rtentry2.o)
    0x08000262   0x08000262   0x00000008   Code   RO         4615    .ARM.Collect$$rtentry$$0000000D  c_w.l(__rtentry2.o)
    0x0800026a   0x0800026a   0x00000002   Code   RO         4671    .ARM.Collect$$rtexit$$00000000  c_w.l(rtexit.o)
    0x0800026c   0x0800026c   0x00000000   Code   RO         4727    .ARM.Collect$$rtexit$$00000002  c_w.l(rtexit2.o)
    0x0800026c   0x0800026c   0x00000004   Code   RO         4728    .ARM.Collect$$rtexit$$00000003  c_w.l(rtexit2.o)
    0x08000270   0x08000270   0x00000006   Code   RO         4729    .ARM.Collect$$rtexit$$00000004  c_w.l(rtexit2.o)
    0x08000276   0x08000276   0x00000002   PAD
    0x08000278   0x08000278   0x00000040   Code   RO            4    .text               startup_stm32g431xx.o
    0x080002b8   0x080002b8   0x000000ee   Code   RO         4472    .text               c_w.l(lludivv7m.o)
    0x080003a6   0x080003a6   0x00000064   Code   RO         4474    .text               c_w.l(rt_memcpy_w.o)
    0x0800040a   0x0800040a   0x0000004e   Code   RO         4476    .text               c_w.l(rt_memclr_w.o)
    0x08000458   0x08000458   0x00000006   Code   RO         4478    .text               c_w.l(heapauxi.o)
    0x0800045e   0x0800045e   0x00000016   Code   RO         4559    .text               c_w.l(_rserrno.o)
    0x08000474   0x08000474   0x00000008   Code   RO         4628    .text               c_w.l(rt_errno_addr_intlibspace.o)
    0x0800047c   0x0800047c   0x00000008   Code   RO         4654    .text               c_w.l(libspace.o)
    0x08000484   0x08000484   0x0000004a   Code   RO         4657    .text               c_w.l(sys_stackheap_outer.o)
    0x080004ce   0x080004ce   0x00000012   Code   RO         4659    .text               c_w.l(exit.o)
    0x080004e0   0x080004e0   0x0000000c   Code   RO         4724    .text               c_w.l(sys_exit.o)
    0x080004ec   0x080004ec   0x00000002   Code   RO         4743    .text               c_w.l(use_no_semi.o)
    0x080004ee   0x080004ee   0x00000000   Code   RO         4745    .text               c_w.l(indicate_semi.o)
    0x080004ee   0x080004ee   0x00000002   PAD
    0x080004f0   0x080004f0   0x0000001c   Code   RO          562    i.ADC1_2_IRQHandler  stm32g4xx_it.o
    0x0800050c   0x0800050c   0x00000070   Code   RO          696    i.ADC_Disable       stm32g4xx_hal_adc.o
    0x0800057c   0x0800057c   0x000000ac   Code   RO          697    i.ADC_Enable        stm32g4xx_hal_adc.o
    0x08000628   0x08000628   0x00000002   Code   RO          563    i.BusFault_Handler  stm32g4xx_it.o
    0x0800062a   0x0800062a   0x00000002   Code   RO          564    i.DebugMon_Handler  stm32g4xx_it.o
    0x0800062c   0x0800062c   0x0000006c   Code   RO          216    i.DriftOffsets      current_detect.o
    0x08000698   0x08000698   0x00000004   Code   RO          262    i.Error_Handler     main.o
    0x0800069c   0x0800069c   0x00000080   Code   RO          217    i.GetPhaseCurrent   current_detect.o
    0x0800071c   0x0800071c   0x00000094   Code   RO          930    i.HAL_ADCEx_Calibration_Start  stm32g4xx_hal_adc_ex.o
    0x080007b0   0x080007b0   0x00000002   Code   RO          934    i.HAL_ADCEx_EndOfSamplingCallback  stm32g4xx_hal_adc_ex.o
    0x080007b2   0x080007b2   0x00000002   PAD
    0x080007b4   0x080007b4   0x00000518   Code   RO          936    i.HAL_ADCEx_InjectedConfigChannel  stm32g4xx_hal_adc_ex.o
    0x08000ccc   0x08000ccc   0x00000168   Code   RO          218    i.HAL_ADCEx_InjectedConvCpltCallback  current_detect.o
    0x08000e34   0x08000e34   0x00000002   Code   RO          940    i.HAL_ADCEx_InjectedQueueOverflowCallback  stm32g4xx_hal_adc_ex.o
    0x08000e36   0x08000e36   0x00000002   PAD
    0x08000e38   0x08000e38   0x00000128   Code   RO          942    i.HAL_ADCEx_InjectedStart_IT  stm32g4xx_hal_adc_ex.o
    0x08000f60   0x08000f60   0x00000002   Code   RO          945    i.HAL_ADCEx_LevelOutOfWindow2Callback  stm32g4xx_hal_adc_ex.o
    0x08000f62   0x08000f62   0x00000002   Code   RO          946    i.HAL_ADCEx_LevelOutOfWindow3Callback  stm32g4xx_hal_adc_ex.o
    0x08000f64   0x08000f64   0x000000d8   Code   RO          947    i.HAL_ADCEx_MultiModeConfigChannel  stm32g4xx_hal_adc_ex.o
    0x0800103c   0x0800103c   0x00000424   Code   RO          699    i.HAL_ADC_ConfigChannel  stm32g4xx_hal_adc.o
    0x08001460   0x08001460   0x00000002   Code   RO          700    i.HAL_ADC_ConvCpltCallback  stm32g4xx_hal_adc.o
    0x08001462   0x08001462   0x00000002   Code   RO          703    i.HAL_ADC_ErrorCallback  stm32g4xx_hal_adc.o
    0x08001464   0x08001464   0x0000026c   Code   RO          707    i.HAL_ADC_IRQHandler  stm32g4xx_hal_adc.o
    0x080016d0   0x080016d0   0x000001f4   Code   RO          708    i.HAL_ADC_Init      stm32g4xx_hal_adc.o
    0x080018c4   0x080018c4   0x00000002   Code   RO          709    i.HAL_ADC_LevelOutOfWindowCallback  stm32g4xx_hal_adc.o
    0x080018c6   0x080018c6   0x00000002   PAD
    0x080018c8   0x080018c8   0x00000114   Code   RO          330    i.HAL_ADC_MspInit   adc.o
    0x080019dc   0x080019dc   0x000000f4   Code   RO          714    i.HAL_ADC_Start     stm32g4xx_hal_adc.o
    0x08001ad0   0x08001ad0   0x00000248   Code   RO         1855    i.HAL_GPIO_Init     stm32g4xx_hal_gpio.o
    0x08001d18   0x08001d18   0x0000000a   Code   RO         1857    i.HAL_GPIO_ReadPin  stm32g4xx_hal_gpio.o
    0x08001d22   0x08001d22   0x00000002   PAD
    0x08001d24   0x08001d24   0x0000000c   Code   RO         1150    i.HAL_GetTick       stm32g4xx_hal.o
    0x08001d30   0x08001d30   0x00000010   Code   RO         1156    i.HAL_IncTick       stm32g4xx_hal.o
    0x08001d40   0x08001d40   0x0000001e   Code   RO         1157    i.HAL_Init          stm32g4xx_hal.o
    0x08001d5e   0x08001d5e   0x00000002   PAD
    0x08001d60   0x08001d60   0x00000044   Code   RO         1158    i.HAL_InitTick      stm32g4xx_hal.o
    0x08001da4   0x08001da4   0x00000030   Code   RO          668    i.HAL_MspInit       stm32g4xx_hal_msp.o
    0x08001dd4   0x08001dd4   0x0000001a   Code   RO         2504    i.HAL_NVIC_EnableIRQ  stm32g4xx_hal_cortex.o
    0x08001dee   0x08001dee   0x00000002   PAD
    0x08001df0   0x08001df0   0x00000040   Code   RO         2510    i.HAL_NVIC_SetPriority  stm32g4xx_hal_cortex.o
    0x08001e30   0x08001e30   0x00000024   Code   RO         2511    i.HAL_NVIC_SetPriorityGrouping  stm32g4xx_hal_cortex.o
    0x08001e54   0x08001e54   0x000000f4   Code   RO         2647    i.HAL_OPAMP_Init    stm32g4xx_hal_opamp.o
    0x08001f48   0x08001f48   0x00000094   Code   RO          379    i.HAL_OPAMP_MspInit  opamp.o
    0x08001fdc   0x08001fdc   0x0000002c   Code   RO         2653    i.HAL_OPAMP_Start   stm32g4xx_hal_opamp.o
    0x08002008   0x08002008   0x000000bc   Code   RO         2258    i.HAL_PWREx_ControlVoltageScaling  stm32g4xx_hal_pwr_ex.o
    0x080020c4   0x080020c4   0x00000010   Code   RO         2270    i.HAL_PWREx_DisableUCPDDeadBattery  stm32g4xx_hal_pwr_ex.o
    0x080020d4   0x080020d4   0x00000288   Code   RO         1517    i.HAL_RCCEx_PeriphCLKConfig  stm32g4xx_hal_rcc_ex.o
    0x0800235c   0x0800235c   0x000001dc   Code   RO         1392    i.HAL_RCC_ClockConfig  stm32g4xx_hal_rcc.o
    0x08002538   0x08002538   0x00000024   Code   RO         1400    i.HAL_RCC_GetPCLK1Freq  stm32g4xx_hal_rcc.o
    0x0800255c   0x0800255c   0x00000024   Code   RO         1401    i.HAL_RCC_GetPCLK2Freq  stm32g4xx_hal_rcc.o
    0x08002580   0x08002580   0x00000070   Code   RO         1402    i.HAL_RCC_GetSysClockFreq  stm32g4xx_hal_rcc.o
    0x080025f0   0x080025f0   0x00000404   Code   RO         1405    i.HAL_RCC_OscConfig  stm32g4xx_hal_rcc.o
    0x080029f4   0x080029f4   0x00000028   Code   RO         2515    i.HAL_SYSTICK_Config  stm32g4xx_hal_cortex.o
    0x08002a1c   0x08002a1c   0x00000002   Code   RO         3468    i.HAL_TIMEx_Break2Callback  stm32g4xx_hal_tim_ex.o
    0x08002a1e   0x08002a1e   0x00000002   Code   RO         3469    i.HAL_TIMEx_BreakCallback  stm32g4xx_hal_tim_ex.o
    0x08002a20   0x08002a20   0x00000002   Code   RO         3470    i.HAL_TIMEx_CommutCallback  stm32g4xx_hal_tim_ex.o
    0x08002a22   0x08002a22   0x00000002   PAD
    0x08002a24   0x08002a24   0x0000009c   Code   RO         3473    i.HAL_TIMEx_ConfigBreakDeadTime  stm32g4xx_hal_tim_ex.o
    0x08002ac0   0x08002ac0   0x00000002   Code   RO         3481    i.HAL_TIMEx_DirectionChangeCallback  stm32g4xx_hal_tim_ex.o
    0x08002ac2   0x08002ac2   0x00000002   Code   RO         3495    i.HAL_TIMEx_EncoderIndexCallback  stm32g4xx_hal_tim_ex.o
    0x08002ac4   0x08002ac4   0x000000dc   Code   RO         3500    i.HAL_TIMEx_HallSensor_Init  stm32g4xx_hal_tim_ex.o
    0x08002ba0   0x08002ba0   0x0000009c   Code   RO          433    i.HAL_TIMEx_HallSensor_MspInit  tim.o
    0x08002c3c   0x08002c3c   0x000000a8   Code   RO         3505    i.HAL_TIMEx_HallSensor_Start_IT  stm32g4xx_hal_tim_ex.o
    0x08002ce4   0x08002ce4   0x00000002   Code   RO         3509    i.HAL_TIMEx_IndexErrorCallback  stm32g4xx_hal_tim_ex.o
    0x08002ce6   0x08002ce6   0x00000002   PAD
    0x08002ce8   0x08002ce8   0x0000009c   Code   RO         3510    i.HAL_TIMEx_MasterConfigSynchronization  stm32g4xx_hal_tim_ex.o
    0x08002d84   0x08002d84   0x000000b8   Code   RO         3522    i.HAL_TIMEx_PWMN_Start  stm32g4xx_hal_tim_ex.o
    0x08002e3c   0x08002e3c   0x00000002   Code   RO         3531    i.HAL_TIMEx_TransitionErrorCallback  stm32g4xx_hal_tim_ex.o
    0x08002e3e   0x08002e3e   0x00000062   Code   RO         2754    i.HAL_TIM_Base_Init  stm32g4xx_hal_tim.o
    0x08002ea0   0x08002ea0   0x0000003c   Code   RO          435    i.HAL_TIM_Base_MspInit  tim.o
    0x08002edc   0x08002edc   0x0000006c   Code   RO         2757    i.HAL_TIM_Base_Start  stm32g4xx_hal_tim.o
    0x08002f48   0x08002f48   0x00000078   Code   RO         2759    i.HAL_TIM_Base_Start_IT  stm32g4xx_hal_tim.o
    0x08002fc0   0x08002fc0   0x00000140   Code   RO           13    i.HAL_TIM_IC_CaptureCallback  foc.o
    0x08003100   0x08003100   0x000001a2   Code   RO         2802    i.HAL_TIM_IRQHandler  stm32g4xx_hal_tim.o
    0x080032a2   0x080032a2   0x00000002   PAD
    0x080032a4   0x080032a4   0x00000094   Code   RO          436    i.HAL_TIM_MspPostInit  tim.o
    0x08003338   0x08003338   0x00000002   Code   RO         2805    i.HAL_TIM_OC_DelayElapsedCallback  stm32g4xx_hal_tim.o
    0x0800333a   0x0800333a   0x00000124   Code   RO         2826    i.HAL_TIM_PWM_ConfigChannel  stm32g4xx_hal_tim.o
    0x0800345e   0x0800345e   0x00000062   Code   RO         2829    i.HAL_TIM_PWM_Init  stm32g4xx_hal_tim.o
    0x080034c0   0x080034c0   0x0000004c   Code   RO          438    i.HAL_TIM_PWM_MspInit  tim.o
    0x0800350c   0x0800350c   0x00000002   Code   RO         2832    i.HAL_TIM_PWM_PulseFinishedCallback  stm32g4xx_hal_tim.o
    0x0800350e   0x0800350e   0x00000002   PAD
    0x08003510   0x08003510   0x000000fc   Code   RO         2834    i.HAL_TIM_PWM_Start  stm32g4xx_hal_tim.o
    0x0800360c   0x0800360c   0x00000002   Code   RO         2840    i.HAL_TIM_PeriodElapsedCallback  stm32g4xx_hal_tim.o
    0x0800360e   0x0800360e   0x0000002a   Code   RO         2842    i.HAL_TIM_ReadCapturedValue  stm32g4xx_hal_tim.o
    0x08003638   0x08003638   0x00000002   Code   RO         2845    i.HAL_TIM_TriggerCallback  stm32g4xx_hal_tim.o
    0x0800363a   0x0800363a   0x0000003e   Code   RO         4317    i.HAL_UARTEx_DisableFifoMode  stm32g4xx_hal_uart_ex.o
    0x08003678   0x08003678   0x0000004c   Code   RO         4326    i.HAL_UARTEx_SetRxFifoThreshold  stm32g4xx_hal_uart_ex.o
    0x080036c4   0x080036c4   0x0000004c   Code   RO         4327    i.HAL_UARTEx_SetTxFifoThreshold  stm32g4xx_hal_uart_ex.o
    0x08003710   0x08003710   0x0000006a   Code   RO         3926    i.HAL_UART_Init     stm32g4xx_hal_uart.o
    0x0800377a   0x0800377a   0x00000002   PAD
    0x0800377c   0x0800377c   0x00000080   Code   RO          517    i.HAL_UART_MspInit  usart.o
    0x080037fc   0x080037fc   0x000000ae   Code   RO         3935    i.HAL_UART_Transmit  stm32g4xx_hal_uart.o
    0x080038aa   0x080038aa   0x00000002   Code   RO          565    i.HardFault_Handler  stm32g4xx_it.o
    0x080038ac   0x080038ac   0x0000000c   Code   RO          722    i.LL_ADC_GetOffsetChannel  stm32g4xx_hal_adc.o
    0x080038b8   0x080038b8   0x0000000c   Code   RO          955    i.LL_ADC_GetOffsetChannel  stm32g4xx_hal_adc_ex.o
    0x080038c4   0x080038c4   0x00000008   Code   RO          723    i.LL_ADC_INJ_IsConversionOngoing  stm32g4xx_hal_adc.o
    0x080038cc   0x080038cc   0x00000008   Code   RO          956    i.LL_ADC_INJ_IsConversionOngoing  stm32g4xx_hal_adc_ex.o
    0x080038d4   0x080038d4   0x00000008   Code   RO          724    i.LL_ADC_REG_IsConversionOngoing  stm32g4xx_hal_adc.o
    0x080038dc   0x080038dc   0x00000008   Code   RO          957    i.LL_ADC_REG_IsConversionOngoing  stm32g4xx_hal_adc_ex.o
    0x080038e4   0x080038e4   0x00000010   Code   RO          725    i.LL_ADC_REG_IsTriggerSourceSWStart  stm32g4xx_hal_adc.o
    0x080038f4   0x080038f4   0x0000001e   Code   RO          727    i.LL_ADC_SetChannelSamplingTime  stm32g4xx_hal_adc.o
    0x08003912   0x08003912   0x0000001e   Code   RO          958    i.LL_ADC_SetChannelSamplingTime  stm32g4xx_hal_adc_ex.o
    0x08003930   0x08003930   0x00000010   Code   RO          728    i.LL_ADC_SetOffsetState  stm32g4xx_hal_adc.o
    0x08003940   0x08003940   0x00000010   Code   RO          959    i.LL_ADC_SetOffsetState  stm32g4xx_hal_adc_ex.o
    0x08003950   0x08003950   0x000000f4   Code   RO          331    i.MX_ADC1_Init      adc.o
    0x08003a44   0x08003a44   0x00000090   Code   RO          332    i.MX_ADC2_Init      adc.o
    0x08003ad4   0x08003ad4   0x0000003c   Code   RO          305    i.MX_GPIO_Init      gpio.o
    0x08003b10   0x08003b10   0x00000034   Code   RO          380    i.MX_OPAMP1_Init    opamp.o
    0x08003b44   0x08003b44   0x00000034   Code   RO          381    i.MX_OPAMP2_Init    opamp.o
    0x08003b78   0x08003b78   0x00000034   Code   RO          382    i.MX_OPAMP3_Init    opamp.o
    0x08003bac   0x08003bac   0x000000f4   Code   RO          439    i.MX_TIM1_Init      tim.o
    0x08003ca0   0x08003ca0   0x00000058   Code   RO          440    i.MX_TIM4_Init      tim.o
    0x08003cf8   0x08003cf8   0x00000044   Code   RO          441    i.MX_TIM6_Init      tim.o
    0x08003d3c   0x08003d3c   0x00000068   Code   RO          518    i.MX_USART3_UART_Init  usart.o
    0x08003da4   0x08003da4   0x00000002   Code   RO          566    i.MemManage_Handler  stm32g4xx_it.o
    0x08003da6   0x08003da6   0x00000002   Code   RO          567    i.NMI_Handler       stm32g4xx_it.o
    0x08003da8   0x08003da8   0x00000002   Code   RO          568    i.PendSV_Handler    stm32g4xx_it.o
    0x08003daa   0x08003daa   0x00000002   Code   RO          569    i.SVC_Handler       stm32g4xx_it.o
    0x08003dac   0x08003dac   0x000000ae   Code   RO           14    i.SVPWM_ZeroSequence  foc.o
    0x08003e5a   0x08003e5a   0x00000002   PAD
    0x08003e5c   0x08003e5c   0x00000070   Code   RO           15    i.SetPWM            foc.o
    0x08003ecc   0x08003ecc   0x00000004   Code   RO          570    i.SysTick_Handler   stm32g4xx_it.o
    0x08003ed0   0x08003ed0   0x00000064   Code   RO          263    i.SystemClock_Config  main.o
    0x08003f34   0x08003f34   0x00000010   Code   RO         4436    i.SystemInit        system_stm32g4xx.o
    0x08003f44   0x08003f44   0x0000000c   Code   RO          571    i.TIM1_BRK_TIM15_IRQHandler  stm32g4xx_it.o
    0x08003f50   0x08003f50   0x0000000c   Code   RO          572    i.TIM1_UP_TIM16_IRQHandler  stm32g4xx_it.o
    0x08003f5c   0x08003f5c   0x0000000c   Code   RO          573    i.TIM4_IRQHandler   stm32g4xx_it.o
    0x08003f68   0x08003f68   0x0000000c   Code   RO          574    i.TIM6_DAC_IRQHandler  stm32g4xx_it.o
    0x08003f74   0x08003f74   0x000000bc   Code   RO         2847    i.TIM_Base_SetConfig  stm32g4xx_hal_tim.o
    0x08004030   0x08004030   0x0000001a   Code   RO         2848    i.TIM_CCxChannelCmd  stm32g4xx_hal_tim.o
    0x0800404a   0x0800404a   0x0000001a   Code   RO         3534    i.TIM_CCxNChannelCmd  stm32g4xx_hal_tim_ex.o
    0x08004064   0x08004064   0x0000009c   Code   RO         2860    i.TIM_OC1_SetConfig  stm32g4xx_hal_tim.o
    0x08004100   0x08004100   0x00000090   Code   RO         2861    i.TIM_OC2_SetConfig  stm32g4xx_hal_tim.o
    0x08004190   0x08004190   0x00000090   Code   RO         2862    i.TIM_OC3_SetConfig  stm32g4xx_hal_tim.o
    0x08004220   0x08004220   0x00000090   Code   RO         2863    i.TIM_OC4_SetConfig  stm32g4xx_hal_tim.o
    0x080042b0   0x080042b0   0x00000070   Code   RO         2864    i.TIM_OC5_SetConfig  stm32g4xx_hal_tim.o
    0x08004320   0x08004320   0x00000070   Code   RO         2865    i.TIM_OC6_SetConfig  stm32g4xx_hal_tim.o
    0x08004390   0x08004390   0x0000006c   Code   RO         2868    i.TIM_TI1_SetConfig  stm32g4xx_hal_tim.o
    0x080043fc   0x080043fc   0x00000044   Code   RO         4331    i.UARTEx_SetNbDataToProcess  stm32g4xx_hal_uart_ex.o
    0x08004440   0x08004440   0x000000c8   Code   RO         3940    i.UART_AdvFeatureConfig  stm32g4xx_hal_uart.o
    0x08004508   0x08004508   0x000000ac   Code   RO         3941    i.UART_CheckIdleState  stm32g4xx_hal_uart.o
    0x080045b4   0x080045b4   0x00000054   Code   RO         3952    i.UART_EndRxTransfer  stm32g4xx_hal_uart.o
    0x08004608   0x08004608   0x00000274   Code   RO         3958    i.UART_SetConfig    stm32g4xx_hal_uart.o
    0x0800487c   0x0800487c   0x00000094   Code   RO         3965    i.UART_WaitOnFlagUntilTimeout  stm32g4xx_hal_uart.o
    0x08004910   0x08004910   0x00000002   Code   RO          575    i.UsageFault_Handler  stm32g4xx_it.o
    0x08004912   0x08004912   0x00000030   Code   RO         4650    i.__ARM_fpclassify  m_wm.l(fpclassify.o)
    0x08004942   0x08004942   0x00000020   Code   RO         2517    i.__NVIC_SetPriority  stm32g4xx_hal_cortex.o
    0x08004962   0x08004962   0x00000006   PAD
    0x08004968   0x08004968   0x000000c8   Code   RO         4498    i.__hardfp_cos      m_wm.l(cos.o)
    0x08004a30   0x08004a30   0x00000048   Code   RO         4546    i.__hardfp_fmaxf    m_wm.l(fmaxf.o)
    0x08004a78   0x08004a78   0x00000048   Code   RO         4550    i.__hardfp_fminf    m_wm.l(fminf.o)
    0x08004ac0   0x08004ac0   0x000000c8   Code   RO         4510    i.__hardfp_sin      m_wm.l(sin.o)
    0x08004b88   0x08004b88   0x0000007a   Code   RO         4522    i.__hardfp_sqrt     m_wm.l(sqrt.o)
    0x08004c02   0x08004c02   0x0000003a   Code   RO         4534    i.__hardfp_sqrtf    m_wm.l(sqrtf.o)
    0x08004c3c   0x08004c3c   0x00000004   PAD
    0x08004c40   0x08004c40   0x00000438   Code   RO         4597    i.__ieee754_rem_pio2  m_wm.l(rred.o)
    0x08005078   0x08005078   0x00000170   Code   RO         4580    i.__kernel_cos      m_wm.l(cos_i.o)
    0x080051e8   0x080051e8   0x000000f8   Code   RO         4652    i.__kernel_poly     m_wm.l(poly.o)
    0x080052e0   0x080052e0   0x00000130   Code   RO         4602    i.__kernel_sin      m_wm.l(sin_i.o)
    0x08005410   0x08005410   0x00000014   Code   RO         4584    i.__mathlib_dbl_infnan  m_wm.l(dunder.o)
    0x08005424   0x08005424   0x00000004   PAD
    0x08005428   0x08005428   0x00000020   Code   RO         4586    i.__mathlib_dbl_invalid  m_wm.l(dunder.o)
    0x08005448   0x08005448   0x00000020   Code   RO         4589    i.__mathlib_dbl_underflow  m_wm.l(dunder.o)
    0x08005468   0x08005468   0x0000007c   Code   RO           16    i.anipark           foc.o
    0x080054e4   0x080054e4   0x000000e8   Code   RO           17    i.clark_park        foc.o
    0x080055cc   0x080055cc   0x00000098   Code   RO           18    i.current_loop      foc.o
    0x08005664   0x08005664   0x00000018   Code   RO         4646    i.fabs              m_wm.l(fabs.o)
    0x0800567c   0x0800567c   0x000000f8   Code   RO          264    i.main              main.o
    0x08005774   0x08005774   0x000000f4   Code   RO           19    i.send_vofa         foc.o
    0x08005868   0x08005868   0x00000018   Code   RO         4561    x$fpl$basic         fz_wm.l(basic.o)
    0x08005880   0x08005880   0x00000062   Code   RO         4482    x$fpl$d2f           fz_wm.l(d2f.o)
    0x080058e2   0x080058e2   0x00000002   PAD
    0x080058e4   0x080058e4   0x00000150   Code   RO         4484    x$fpl$dadd          fz_wm.l(daddsub_clz.o)
    0x08005a34   0x08005a34   0x000002b0   Code   RO         4491    x$fpl$ddiv          fz_wm.l(ddiv.o)
    0x08005ce4   0x08005ce4   0x0000005e   Code   RO         4632    x$fpl$dfix          fz_wm.l(dfix.o)
    0x08005d42   0x08005d42   0x0000002e   Code   RO         4637    x$fpl$dflt          fz_wm.l(dflt_clz.o)
    0x08005d70   0x08005d70   0x00000026   Code   RO         4636    x$fpl$dfltu         fz_wm.l(dflt_clz.o)
    0x08005d96   0x08005d96   0x00000002   PAD
    0x08005d98   0x08005d98   0x00000154   Code   RO         4494    x$fpl$dmul          fz_wm.l(dmul.o)
    0x08005eec   0x08005eec   0x0000009c   Code   RO         4565    x$fpl$dnaninf       fz_wm.l(dnaninf.o)
    0x08005f88   0x08005f88   0x0000000c   Code   RO         4567    x$fpl$dretinf       fz_wm.l(dretinf.o)
    0x08005f94   0x08005f94   0x00000016   Code   RO         4485    x$fpl$drsb          fz_wm.l(daddsub_clz.o)
    0x08005faa   0x08005faa   0x00000002   PAD
    0x08005fac   0x08005fac   0x00000198   Code   RO         4569    x$fpl$dsqrt         fz_wm.l(dsqrt_umaal.o)
    0x08006144   0x08006144   0x000001d4   Code   RO         4486    x$fpl$dsub          fz_wm.l(daddsub_clz.o)
    0x08006318   0x08006318   0x00000056   Code   RO         4496    x$fpl$f2d           fz_wm.l(f2d.o)
    0x0800636e   0x0800636e   0x00000002   PAD
    0x08006370   0x08006370   0x00000052   Code   RO         4571    x$fpl$fcmp4         fz_wm.l(fcmp4.o)
    0x080063c2   0x080063c2   0x00000018   Code   RO         4642    x$fpl$fcmpinf       fz_wm.l(fcmpi.o)
    0x080063da   0x080063da   0x0000008c   Code   RO         4575    x$fpl$fnaninf       fz_wm.l(fnaninf.o)
    0x08006466   0x08006466   0x0000000a   Code   RO         4739    x$fpl$fpinit        fz_wm.l(fpinit.o)
    0x08006470   0x08006470   0x0000000a   Code   RO         4577    x$fpl$fretinf       fz_wm.l(fretinf.o)
    0x0800647a   0x0800647a   0x00000000   Code   RO         4579    x$fpl$usenofp       fz_wm.l(usenofp.o)
    0x0800647a   0x0800647a   0x00000018   Data   RO         3966    .constdata          stm32g4xx_hal_uart.o
    0x08006492   0x08006492   0x00000010   Data   RO         4332    .constdata          stm32g4xx_hal_uart_ex.o
    0x080064a2   0x080064a2   0x00000010   Data   RO         4437    .constdata          system_stm32g4xx.o
    0x080064b2   0x080064b2   0x00000008   Data   RO         4438    .constdata          system_stm32g4xx.o
    0x080064ba   0x080064ba   0x00000006   PAD
    0x080064c0   0x080064c0   0x00000030   Data   RO         4581    .constdata          m_wm.l(cos_i.o)
    0x080064f0   0x080064f0   0x000000c8   Data   RO         4599    .constdata          m_wm.l(rred.o)
    0x080065b8   0x080065b8   0x00000028   Data   RO         4603    .constdata          m_wm.l(sin_i.o)
    0x080065e0   0x080065e0   0x00000020   Data   RO         4797    Region$$Table       anon$$obj.o


    Execution Region RW_IRAM1 (Exec base: 0x20000000, Load base: 0x08006600, Size: 0x00000a78, Max: 0x00008000, ABSOLUTE)

    Exec Addr    Load Addr    Size         Type   Attr      Idx    E Section Name        Object

    0x20000000   0x08006600   0x0000001c   Data   RW           20    .data               foc.o
    0x2000001c   0x0800661c   0x00000024   Data   RW          220    .data               current_detect.o
    0x20000040   0x08006640   0x00000004   Data   RW          221    .data               current_detect.o
    0x20000044   0x08006644   0x00000004   Data   RW          222    .data               current_detect.o
    0x20000048   0x08006648   0x00000004   Data   RW          334    .data               adc.o
    0x2000004c   0x0800664c   0x0000000c   Data   RW         1177    .data               stm32g4xx_hal.o
    0x20000058   0x08006658   0x00000004   Data   RW         4439    .data               system_stm32g4xx.o
    0x2000005c        -       0x000000b8   Zero   RW          219    .bss                current_detect.o
    0x20000114        -       0x000000d8   Zero   RW          333    .bss                adc.o
    0x200001ec        -       0x000000b4   Zero   RW          383    .bss                opamp.o
    0x200002a0        -       0x000000e4   Zero   RW          442    .bss                tim.o
    0x20000384        -       0x00000094   Zero   RW          519    .bss                usart.o
    0x20000418        -       0x00000060   Zero   RW         4655    .bss                c_w.l(libspace.o)
    0x20000478        -       0x00000200   Zero   RW            2    HEAP                startup_stm32g431xx.o
    0x20000678        -       0x00000400   Zero   RW            1    STACK               startup_stm32g431xx.o


==============================================================================

Image component sizes


      Code (inc. data)   RO Data    RW Data    ZI Data      Debug   Object Name

       664         42          0          4        216       2814   adc.o
       596         62          0         44        184       2927   current_detect.o
      1358        140          0         28          0     691194   foc.o
        60          6          0          0          0        811   gpio.o
       352         40          0          0          0       2088   main.o
       304         44          0          0        180       2869   opamp.o
        64         26        472          0       1536        832   startup_stm32g431xx.o
       126         20          0         12          0       3617   stm32g4xx_hal.o
      2804        134          0          0          0      80553   stm32g4xx_hal_adc.o
      2046         88          0          0          0      77936   stm32g4xx_hal_adc_ex.o
       198         14          0          0          0      33767   stm32g4xx_hal_cortex.o
       594         34          0          0          0       2307   stm32g4xx_hal_gpio.o
        48          6          0          0          0        842   stm32g4xx_hal_msp.o
       288          8          0          0          0       2431   stm32g4xx_hal_opamp.o
       204         18          0          0          0       1381   stm32g4xx_hal_pwr_ex.o
      1688         92          0          0          0       6196   stm32g4xx_hal_rcc.o
       648         10          0          0          0       1860   stm32g4xx_hal_rcc_ex.o
      2570        280          0          0          0      17080   stm32g4xx_hal_tim.o
       924         94          0          0          0       9595   stm32g4xx_hal_tim_ex.o
      1512         72         24          0          0      26226   stm32g4xx_hal_uart.o
       282          6         16          0          0       3613   stm32g4xx_hal_uart_ex.o
        96         34          0          0          0       6409   stm32g4xx_it.o
        16          4         24          4          0       1091   system_stm32g4xx.o
       840         72          0          0        228       5035   tim.o
       232         24          0          0        148       1794   usart.o

    ----------------------------------------------------------------------
     18544       1370        574         92       2492     985268   Object Totals
         0          0         32          0          0          0   (incl. Generated)
        30          0          6          0          0          0   (incl. Padding)

    ----------------------------------------------------------------------

      Code (inc. data)   RO Data    RW Data    ZI Data      Debug   Library Member Name

         8          0          0          0          0         68   __main.o
         0          0          0          0          0          0   __rtentry.o
        12          0          0          0          0          0   __rtentry2.o
         6          0          0          0          0          0   __rtentry4.o
        52          8          0          0          0          0   __scatter.o
        26          0          0          0          0          0   __scatter_copy.o
        28          0          0          0          0          0   __scatter_zi.o
        22          0          0          0          0        100   _rserrno.o
        18          0          0          0          0         80   exit.o
         6          0          0          0          0        152   heapauxi.o
         0          0          0          0          0          0   indicate_semi.o
         2          0          0          0          0          0   libinit.o
         6          0          0          0          0          0   libinit2.o
         2          0          0          0          0          0   libshutdown.o
         2          0          0          0          0          0   libshutdown2.o
         8          4          0          0         96         68   libspace.o
       238          0          0          0          0        100   lludivv7m.o
         8          4          0          0          0         68   rt_errno_addr_intlibspace.o
        78          0          0          0          0         80   rt_memclr_w.o
       100          0          0          0          0         80   rt_memcpy_w.o
         2          0          0          0          0          0   rtexit.o
        10          0          0          0          0          0   rtexit2.o
        12          4          0          0          0         68   sys_exit.o
        74          0          0          0          0         80   sys_stackheap_outer.o
         2          0          0          0          0         68   use_no_semi.o
        24          0          0          0          0        164   basic.o
        98          4          0          0          0        140   d2f.o
       826         16          0          0          0        492   daddsub_clz.o
       688        140          0          0          0        256   ddiv.o
        94          4          0          0          0        140   dfix.o
        84          0          0          0          0        232   dflt_clz.o
       340         12          0          0          0        152   dmul.o
       156          4          0          0          0        140   dnaninf.o
        12          0          0          0          0        116   dretinf.o
       408         56          0          0          0        168   dsqrt_umaal.o
        86          4          0          0          0        132   f2d.o
        82          4          0          0          0        160   fcmp4.o
        24          0          0          0          0        116   fcmpi.o
       140          4          0          0          0        132   fnaninf.o
        10          0          0          0          0        116   fpinit.o
        10          0          0          0          0        116   fretinf.o
         0          0          0          0          0          0   usenofp.o
       200         20          0          0          0        164   cos.o
       368         46         48          0          0        200   cos_i.o
        84         16          0          0          0        372   dunder.o
        24          0          0          0          0        124   fabs.o
        72          0          0          0          0        148   fmaxf.o
        72          0          0          0          0        148   fminf.o
        48          0          0          0          0        124   fpclassify.o
       248          0          0          0          0        152   poly.o
      1080        142        200          0          0        188   rred.o
       200         20          0          0          0        164   sin.o
       304         24         40          0          0        208   sin_i.o
       122          0          0          0          0        148   sqrt.o
        58          0          0          0          0        136   sqrtf.o

    ----------------------------------------------------------------------
      6706        536        288          0         96       6060   Library Totals
        22          0          0          0          0          0   (incl. Padding)

    ----------------------------------------------------------------------

      Code (inc. data)   RO Data    RW Data    ZI Data      Debug   Library Name

       722         20          0          0         96       1012   c_w.l
      3082        248          0          0          0       2772   fz_wm.l
      2880        268        288          0          0       2276   m_wm.l

    ----------------------------------------------------------------------
      6706        536        288          0         96       6060   Library Totals

    ----------------------------------------------------------------------

==============================================================================


      Code (inc. data)   RO Data    RW Data    ZI Data      Debug   

     25250       1906        862         92       2588     974412   Grand Totals
     25250       1906        862         92       2588     974412   ELF Image Totals
     25250       1906        862         92          0          0   ROM Totals

==============================================================================

    Total RO  Size (Code + RO Data)                26112 (  25.50kB)
    Total RW  Size (RW Data + ZI Data)              2680 (   2.62kB)
    Total ROM Size (Code + RO Data + RW Data)      26204 (  25.59kB)

==============================================================================

